#
# A fatal error has been detected by the Java Runtime Environment:
#
#  SIGSEGV (0xb) at pc=0x00007f369efe4336, pid=30162, tid=30202
#
# JRE version: OpenJDK Runtime Environment Temurin-22.0.2+9 (22.0.2+9) (build 22.0.2+9)
# Java VM: OpenJDK 64-Bit Server VM Temurin-22.0.2+9 (22.0.2+9, mixed mode, sharing, tiered, compressed oops, compressed class ptrs, g1 gc, linux-amd64)
# Problematic frame:
# V  [libjvm.so+0x7e4336]  void OopOopIterateDispatch<G1RootRegionScanClosure>::Table::oop_oop_iterate<InstanceKlass, narrowOop>(G1RootRegionScanClosure*, oopDesc*, Klass*)+0xd6
#
# Core dump will be written. Default location: Core dumps may be processed with "/usr/lib/systemd/systemd-coredump %P %u %g %s %t %c %h %d %F" (or dumping to /home/ld986/Spring 2026/CS549/Assignment4-Code/page-rank/core.30162)
#
# If you would like to submit a bug report, please visit:
#   https://github.com/adoptium/adoptium-support/issues
#

---------------  S U M M A R Y ------------

Command Line: --enable-native-access=ALL-UNNAMED -Dfile.encoding=UTF-8 -Dclassworlds.conf=/usr/share/idea/plugins/maven/lib/maven3/bin/m2.conf -Dmaven.home=/usr/share/idea/plugins/maven/lib/maven3 -Dlibrary.jansi.path=/usr/share/idea/plugins/maven/lib/maven3/lib/jansi-native -Dmaven.multiModuleProjectDirectory=/home/ld986/Spring 2026/CS549/Assignment4-Code/page-rank org.codehaus.plexus.classworlds.launcher.Launcher -Didea.version=2026.1 -Dmaven.ext.class.path=/usr/share/idea/plugins/maven/lib/intellij.maven.rt/maven-event-listener.jar -Djansi.passthrough=true -Dstyle.color=always -Dmaven.repo.local=/home/ld986/.m2/repository install -f pom.xml

Host: AMD Ryzen 5 PRO 4650U with Radeon Graphics, 12 cores, 22G, Arch Linux
Time: Sun Apr 19 19:49:16 2026 EDT elapsed time: 2.560889 seconds (0d 0h 0m 2s)

---------------  T H R E A D  ---------------

Current thread (0x00007f3698061910):  WorkerThread "G1 Conc#0"      [id=30202, stack(0x00007f369c0de000,0x00007f369c1de000) (1024K)]

Stack: [0x00007f369c0de000,0x00007f369c1de000],  sp=0x00007f369c1dcc90,  free space=1019k
Native frames: (J=compiled Java code, j=interpreted, Vv=VM code, C=native code)
V  [libjvm.so+0x7e4336]  void OopOopIterateDispatch<G1RootRegionScanClosure>::Table::oop_oop_iterate<InstanceKlass, narrowOop>(G1RootRegionScanClosure*, oopDesc*, Klass*)+0xd6
V  [libjvm.so+0x7de4b5]  G1ConcurrentMark::scan_root_region(MemRegion const*, unsigned int)+0xa5
V  [libjvm.so+0x7e5b14]  G1CMRootRegionScanTask::work(unsigned int)+0x74
V  [libjvm.so+0x10566e0]  WorkerThread::run()+0x80
V  [libjvm.so+0xf985a8]  Thread::call_run()+0xa8
V  [libjvm.so+0xd1e8da]  thread_native_entry(Thread*)+0xda
C  [libc.so.6+0x9697a]

siginfo: si_signo: 11 (SIGSEGV), si_code: 1 (SEGV_MAPERR), si_addr: 0x00007f3e9803e468

Registers:
RAX=0x00000000ffffe5ad, RBX=0x00000006a17feaa8, RCX=0x0000000000000016, RDX=0x00007f369804b700
RSP=0x00007f369c1dcc90, RBP=0x00007f369c1dccf0, RSI=0x0000000000000100, RDI=0x00007f36980eac60
R8 =0x0000000000000001, R9 =0x00007f3622139438, R10=0x00007f3622139430, R11=0x0000000004000000
R12=0x00007f36980548d0, R13=0x00000006a17feaac, R14=0x00007f369fd4f4ec, R15=0x00007f369c1dcd10
RIP=0x00007f369efe4336, EFLAGS=0x0000000000010212, CSGSFS=0x002b000000000033, ERR=0x0000000000000004
  TRAPNO=0x000000000000000e


Register to memory mapping:

RAX=0x00000000ffffe5ad is an unknown value
RBX=0x00000006a17feaa8 points into unknown readable memory: 0x0000000000000020 | 20 00 00 00 00 00 00 00
RCX=0x0000000000000016 is an unknown value
RDX=0x00007f369804b700 points into unknown readable memory: 0x00007f369808d5e0 | e0 d5 08 98 36 7f 00 00
RSP=0x00007f369c1dcc90 points into unknown readable memory: 0x00007f369c1dccf0 | f0 cc 1d 9c 36 7f 00 00
RBP=0x00007f369c1dccf0 points into unknown readable memory: 0x00007f369c1dcd70 | 70 cd 1d 9c 36 7f 00 00
RSI=0x0000000000000100 is an unknown value
RDI=0x00007f36980eac60 points into unknown readable memory: 0x0000000000000000 | 00 00 00 00 00 00 00 00
R8 =0x0000000000000001 is an unknown value
R9 ={method} {0x00007f3622139438} 'equals' '(Ljava/lang/Object;)Z' in 'java/util/concurrent/ConcurrentHashMap$Node'
R10=0x00007f3622139430 is pointing into metadata
R11=0x0000000004000000 is an unknown value
R12=0x00007f36980548d0 points into unknown readable memory: 0x00007f3698060970 | 70 09 06 98 36 7f 00 00
R13=0x00000006a17feaac points into unknown readable memory: 00 00 00 00
R14=0x00007f369fd4f4ec: <offset 0x000000000154f4ec> in /home/ld986/.jdks/temurin-22.0.2/lib/server/libjvm.so at 0x00007f369e800000
R15=0x00007f369c1dcd10 points into unknown readable memory: 0x00007f369fc436d0 | d0 36 c4 9f 36 7f 00 00

Top of Stack: (sp=0x00007f369c1dcc90)
0x00007f369c1dcc90:   00007f369c1dccf0 00007f3622038390
0x00007f369c1dcca0:   00007f369fd0e6d0 00007f369c1dcd10
0x00007f369c1dccb0:   00000006a17fe978 00000006a17fea90
0x00007f369c1dccc0:   00007f369c1dccf0 00000006a1800000
0x00007f369c1dccd0:   0000000000000240 00007f369fd4ca40
0x00007f369c1dcce0:   00007f369c1dcd10 00000006a17feab0
0x00007f369c1dccf0:   00007f369c1dcd70 00007f369efde4b5
0x00007f369c1dcd00:   00000006a17fe670 00007f3622006810
0x00007f369c1dcd10:   00007f369fc436d0 0000000000000000
0x00007f369c1dcd20:   0000000000000003 00007f369803f160
0x00007f369c1dcd30:   00007f36980548d0 00007f3600000001
0x00007f369c1dcd40:   00007f369ffcfd70 00007f3698054948
0x00007f369c1dcd50:   0000000000000001 00007f36980548d0
0x00007f369c1dcd60:   00007f369c2ddbb0 0000000000000001
0x00007f369c1dcd70:   00007f369c1dcdb0 00007f369efe5b14
0x00007f369c1dcd80:   00007f369c1dcdcc 00007f36980618b8
0x00007f369c1dcd90:   00007f369c1dcdcc 00007f3698061910
0x00007f369c1dcda0:   0000000000000001 0000000000000001
0x00007f369c1dcdb0:   00007f369c1dce00 00007f369f8566e0
0x00007f369c1dcdc0:   00007f369c1dce00 ffffffff9f51c6e3
0x00007f369c1dcdd0:   23636e6f43203147 00007f36980625a0
0x00007f369c1dcde0:   00007f3698061910 00007f369c0de000
0x00007f369c1dcdf0:   0000000000100000 00007f369e7fe687
0x00007f369c1dce00:   00007f369c1dce60 00007f369f7985a8
0x00007f369c1dce10:   00007f3698061910 00007f3698062670
0x00007f369c1dce20:   0000000000000000 00007f3698061910
0x00007f369c1dce30:   00007f369c1dce60 00007f369f4d26d9
0x00007f369c1dce40:   00007f369c1dce60 00007f3698062670
0x00007f369c1dce50:   00007f3698061910 00007f369c1ddce4
0x00007f369c1dce60:   00007f369c1dce90 00007f369f51e8da
0x00007f369c1dce70:   0000000000000000 00007f369c1dd6c0
0x00007f369c1dce80:   00007f369c1dd6c0 00007f369e7fe580 

Instructions: (pc=0x00007f369efe4336)
0x00007f369efe4236:   44 89 45 bc 48 89 75 c0 ff d2 48 8b 75 c0 44 8b
0x00007f369efe4246:   45 bc 4c 8b 55 b0 4c 8b 4d a8 48 89 c2 e9 a2 fe
0x00007f369efe4256:   ff ff 0f 1f 84 00 00 00 00 00 55 31 c9 48 89 e5
0x00007f369efe4266:   41 57 49 89 ff 41 56 41 55 41 54 53 48 89 d3 48
0x00007f369efe4276:   83 ec 38 8b 57 10 48 8b bb 98 00 00 00 48 89 75
0x00007f369efe4286:   c8 4c 89 fe e8 c1 e0 e3 ff 48 63 83 a0 00 00 00
0x00007f369efe4296:   48 63 93 14 01 00 00 48 01 d0 4c 8d 94 c3 c8 01
0x00007f369efe42a6:   00 00 8b 83 10 01 00 00 4d 8d 0c c2 4d 39 d1 0f
0x00007f369efe42b6:   86 ff 00 00 00 0f 1f 44 00 00 41 8b 42 04 49 63
0x00007f369efe42c6:   1a 48 03 5d c8 4c 8d 2c 83 49 39 dd 0f 86 d5 00
0x00007f369efe42d6:   00 00 0f 1f 84 00 00 00 00 00 8b 33 85 f6 0f 84
0x00007f369efe42e6:   b6 00 00 00 48 8d 05 4f 8c d2 00 4d 8b 67 20 4c
0x00007f369efe42f6:   8d 35 f0 b1 d6 00 45 8b 47 28 8b 48 08 49 8b 54
0x00007f369efe4306:   24 08 48 d3 e6 8b 8a 18 02 00 00 48 03 30 48 8b
0x00007f369efe4316:   82 10 02 00 00 48 8b 92 f8 01 00 00 48 d3 e0 48
0x00007f369efe4326:   89 c1 48 89 f0 48 29 c8 41 8b 0e 48 d3 e8 89 c0
0x00007f369efe4336:   48 8b 04 c2 48 8b 40 60 48 39 c6 73 5d 48 89 f1
0x00007f369efe4346:   49 2b 4c 24 18 41 bb 01 00 00 00 48 89 c8 41 8b
0x00007f369efe4356:   4c 24 28 48 c1 e8 03 48 d3 e8 48 89 c1 48 89 c2
0x00007f369efe4366:   49 8b 44 24 30 48 c1 ea 06 83 e1 3f 48 8d 3c d0
0x00007f369efe4376:   49 d3 e3 48 8b 0f eb 12 66 90 48 89 c8 f0 48 0f
0x00007f369efe4386:   b1 17 48 39 c1 74 43 48 89 c1 4c 89 da 48 09 ca
0x00007f369efe4396:   48 39 d1 75 e5 0f 1f 44 00 00 48 83 c3 04 49 39
0x00007f369efe43a6:   dd 0f 87 33 ff ff ff 49 83 c2 08 4d 39 d1 0f 87
0x00007f369efe43b6:   06 ff ff ff 48 83 c4 38 5b 41 5c 41 5d 41 5e 41
0x00007f369efe43c6:   5f 5d c3 0f 1f 80 00 00 00 00 48 8d 05 f9 a2 d2
0x00007f369efe43d6:   00 0f b6 00 84 c0 0f 84 1e 01 00 00 48 8d 15 b7
0x00007f369efe43e6:   ea d5 00 8b 7e 08 8b 0a 48 8d 15 b3 ea d5 00 48
0x00007f369efe43f6:   d3 e7 48 03 3a 8b 4f 08 85 c9 0f 8e aa 00 00 00
0x00007f369efe4406:   f6 c1 01 74 1a 48 8b 07 48 8d 15 9b 02 b0 ff 48
0x00007f369efe4416:   8b 80 00 01 00 00 48 39 d0 0f 85 2a 01 00 00 c1
0x00007f369efe4426:   f9 03 48 63 d1 49 8b 84 24 b8 02 00 00 4a 8b 3c 


Stack slot to memory mapping:

stack at sp + 0 slots: 0x00007f369c1dccf0 points into unknown readable memory: 0x00007f369c1dcd70 | 70 cd 1d 9c 36 7f 00 00
stack at sp + 1 slots: 0x00007f3622038390 is a pointer to class: 
java.lang.ref.SoftReference {0x00007f3622038390}
 - instance size:     5
 - klass size:        72
 - access:            public synchronized 
 - flags:             rewritten has_nonstatic_fields is_shared_boot_class has_localvariable_table 
 - state:             fully_initialized
 - name:              'java/lang/ref/SoftReference'
 - super:             'java/lang/ref/Reference'
 - sub:               'java/util/ResourceBundle$BundleReference'   'org/eclipse/sisu/inject/MildElements$Soft'   'sun/util/locale/provider/LocaleResources$ResourceReference'   'sun/util/resources/Bundles$BundleReference'   (3 more klasses...)
 - arrays:            'java/lang/ref/SoftReference'[]
 - methods:           Array<T>(0x00007f362264b048)
 - method ordering:   Array<T>(0x00007f362264b148)
 - default_methods:   Array<T>(0x0000000000000000)
 - local interfaces:  Array<T>(0x00007f36225e3a78)
 - trans. interfaces: Array<T>(0x00007f36225e3a78)
 - constants:         constant pool [47] {0x00007f362264ae78} for 'java/lang/ref/SoftReference' cache=0x00007f3622038660
 - class loader data:  loader data: 0x00007f36980eac60 of 'bootstrap'
 - source file:       'SoftReference.java'
 - class annotations:       Array<T>(0x0000000000000000)
 - class type annotations:  Array<T>(0x0000000000000000)
 - field annotations:       Array<T>(0x0000000000000000)
 - field type annotations:  Array<T>(0x0000000000000000)
 - generic signature: '<T:Ljava/lang/Object;>Ljava/lang/ref/Reference<TT;>;'
 - inner classes:     Array<T>(0x00007f36225e3a00)
 - nest members:     Array<T>(0x00007f36225e3a00)
 - permitted subclasses:     Array<T>(0x00007f36225e3a00)
 - java mirror:       a 'java/lang/Class'{0x00000007ffc82c40} = 'java/lang/ref/SoftReference'
 - vtable length      12  (start addr: 0x00007f3622038558)
 - itable length      2 (start addr: 0x00007f36220385b8)
 - ---- static fields (1 words):
 - private static 'clock' 'J' @112 
 - ---- non-static fields (7 words):
 - private 'referent' 'Ljava/lang/Object;' @12 
 - volatile 'queue' 'Ljava/lang/ref/ReferenceQueue;' @16 
 - volatile 'next' 'Ljava/lang/ref/Reference;' @20 
 - private transient 'discovered' 'Ljava/lang/ref/Reference;' @24 
 - private 'timestamp' 'J' @32 
 - non-static oop maps: 16-20 
stack at sp + 2 slots: 0x00007f369fd0e6d0: <offset 0x000000000150e6d0> in /home/ld986/.jdks/temurin-22.0.2/lib/server/libjvm.so at 0x00007f369e800000
stack at sp + 3 slots: 0x00007f369c1dcd10 points into unknown readable memory: 0x00007f369fc436d0 | d0 36 c4 9f 36 7f 00 00
stack at sp + 4 slots: 0x00000006a17fe978 is an oop: [Ljava.lang.ClassValue$Entry; 
{0x00000006a17fe978} - klass: 'java/lang/ClassValue$Entry'[]
 - length: 32
stack at sp + 5 slots: 0x00000006a17fea90 is an oop: java.util.concurrent.ConcurrentHashMap$Node 
{0x00000006a17fea90} - klass: 'java/util/concurrent/ConcurrentHashMap$Node'
 - ---- fields (total size 4 words):
 - final 'hash' 'I' @12  2003442417 (0x776a1af1)
 - final 'key' 'Ljava/lang/Object;' @16  a 'java/lang/Class'{0x00000006a143e070} = 'org/eclipse/aether/internal/impl/synccontext/named/providers/GAVNameMapperProvider' (0xd4287c0e)
 - volatile 'val' 'Ljava/lang/Object;' @20  a 'org/eclipse/sisu/bean/BeanLifecycle'{0x00000006a1a98e00} (0xd43531c0)
 - volatile 'next' 'Ljava/util/concurrent/ConcurrentHashMap$Node;' @24  
[error occurred during error reporting (inspecting top of stack), id 0xb, SIGSEGV (0xb) at pc=0x00007f369f503fbc]
stack at sp + 6 slots: 0x00007f369c1dccf0 points into unknown readable memory: 0x00007f369c1dcd70 | 70 cd 1d 9c 36 7f 00 00
stack at sp + 7 slots: 0x00000006a1800000 is an oop: java.lang.ref.Finalizer$FinalizerThread 
{0x00000006a1800000} - klass: 'java/lang/ref/Finalizer$FinalizerThread'
 - ---- fields (total size 15 words):
 - 'threadLocalRandomProbe' 'I' @12  0 (0x00000000)
 - private volatile 'eetop' 'J' @16  139872456254672 (0x00007f369811a4d0)
 - private final 'tid' 'J' @24  10 (0x000000000000000a)
 - 'threadLocalRandomSeed' 'J' @32  0 (0x0000000000000000)
 - injected 'jvmti_thread_state' 'J' @40  0 (0x0000000000000000)
 - 'threadLocalRandomSecondarySeed' 'I' @48  0 (0x00000000)
 - injected 'jvmti_VTMS_transition_disable_count' 'I' @52  0 (0x00000000)
 - injected 'jfr_epoch' 'S' @56  0 (0x0000)
 - volatile 'interrupted' 'Z' @58  false (0x00)
 - injected 'jvmti_is_in_VTMS_transition' 'Z' @59  false (0x00)
 - private volatile 'name' 'Ljava/lang/String;' @60  "Finalizer"{0x00000007ffc2ce10} (0xfff859c2)
 - private volatile 'contextClassLoader' 'Ljava/lang/ClassLoader;' @64  null (0x00000000)
 - private 'inheritedAccessControlContext' 'Ljava/security/AccessControlContext;' @68  a 'java/security/AccessControlContext'{0x00000006a1b96430} (0xd4372c86)
 - private final 'holder' 'Ljava/lang/Thread$FieldHolder;' @72  a 'java/lang/Thread$FieldHolder'{0x00000006a1b96458} (0xd4372c8b)
 - 'threadLocals' 'Ljava/lang/ThreadLocal$ThreadLocalMap;' @76  null (0x00000000)
 - 'inheritableThreadLocals' 'Ljava/lang/ThreadLocal$ThreadLocalMap;' @80  null (0x00000000)
 - private 'scopedValueBindings' 'Ljava/lang/Object;' @84  a 'java/lang/Class'{0x00000007ffc81408} = 'java/lang/Thread' (0xfff90281)
 - final 'interruptLock' 'Ljava/lang/Object;' @88  a 'java/lang/Object'{0x00000006a1b96480} (0xd4372c90)
 - private volatile 'parkBlocker' 'Ljava/lang/Object;' @92  null (0x00000000)
 - volatile 'nioBlocker' 'Lsun/nio/ch/Interruptible;' @96  null (0x00000000)
 - private 'cont' 'Ljdk/internal/vm/Continuation;' @100  null (0x00000000)
 - private volatile 'uncaughtExceptionHandler' 'Ljava/lang/Thread$UncaughtExceptionHandler;' @104  null (0x00000000)
 - private 'container' 'Ljdk/internal/vm/ThreadContainer;' @108  null (0x00000000)
 - private volatile 'headStackableScopes' 'Ljdk/internal/vm/StackableScope;' @112  null (0x00000000)
 - private volatile 'running' 'Z' @116  true (0x01)


---------------  P R O C E S S  ---------------

Threads class SMR info:
_java_thread_list=0x00007f3698a13a50, length=13, elements={
0x00007f369802bd80, 0x00007f3698118e80, 0x00007f369811a4d0, 0x00007f369811bfb0,
0x00007f369811d5f0, 0x00007f369811eb90, 0x00007f36981206b0, 0x00007f3698121dc0,
0x00007f3698165370, 0x00007f3698169820, 0x00007f35f8097d70, 0x00007f35fc35b890,
0x00007f3698a12a10
}

Java Threads: ( => current thread )
  0x00007f369802bd80 JavaThread "main"                              [_thread_in_vm, id=30199, stack(0x00007f369e700000,0x00007f369e800000) (1024K)]
  0x00007f3698118e80 JavaThread "Reference Handler"          daemon [_thread_blocked, id=30207, stack(0x00007f3663b00000,0x00007f3663c00000) (1024K)]
  0x00007f369811a4d0 JavaThread "Finalizer"                  daemon [_thread_blocked, id=30208, stack(0x00007f36639ff000,0x00007f3663aff000) (1024K)]
  0x00007f369811bfb0 JavaThread "Signal Dispatcher"          daemon [_thread_blocked, id=30209, stack(0x00007f36638fe000,0x00007f36639fe000) (1024K)]
  0x00007f369811d5f0 JavaThread "Service Thread"             daemon [_thread_blocked, id=30210, stack(0x00007f36637fd000,0x00007f36638fd000) (1024K)]
  0x00007f369811eb90 JavaThread "Monitor Deflation Thread"   daemon [_thread_blocked, id=30211, stack(0x00007f36636fc000,0x00007f36637fc000) (1024K)]
  0x00007f36981206b0 JavaThread "C2 CompilerThread0"         daemon [_thread_in_native, id=30212, stack(0x00007f36635fb000,0x00007f36636fb000) (1024K)]
  0x00007f3698121dc0 JavaThread "C1 CompilerThread0"         daemon [_thread_in_vm, id=30213, stack(0x00007f36634fa000,0x00007f36635fa000) (1024K)]
  0x00007f3698165370 JavaThread "Notification Thread"        daemon [_thread_blocked, id=30214, stack(0x00007f36633f9000,0x00007f36634f9000) (1024K)]
  0x00007f3698169820 JavaThread "Common-Cleaner"             daemon [_thread_blocked, id=30215, stack(0x00007f36632f8000,0x00007f36633f8000) (1024K)]
  0x00007f35f8097d70 JavaThread "C2 CompilerThread1"         daemon [_thread_in_native, id=30216, stack(0x00007f36631f7000,0x00007f36632f7000) (1024K)]
  0x00007f35fc35b890 JavaThread "C2 CompilerThread2"         daemon [_thread_in_native, id=30224, stack(0x00007f36630f6000,0x00007f36631f6000) (1024K)]
  0x00007f3698a12a10 JavaThread "Thread-1"                   daemon [_thread_blocked, id=30232, stack(0x00007f36214fa000,0x00007f36215fa000) (1024K)]
Total: 13

Other Threads:
  0x00007f369810b720 VMThread "VM Thread"                           [id=30206, stack(0x00007f3663f00000,0x00007f3664000000) (1024K)]
  0x00007f36980f15a0 WatcherThread "VM Periodic Task Thread"        [id=30205, stack(0x00007f36780f6000,0x00007f36781f6000) (1024K)]
  0x00007f3698053db0 WorkerThread "GC Thread#0"                     [id=30200, stack(0x00007f369c2e0000,0x00007f369c3e0000) (1024K)]
  0x00007f36100083d0 WorkerThread "GC Thread#1"                     [id=30225, stack(0x00007f3621f00000,0x00007f3622000000) (1024K)]
  0x00007f3610008e80 WorkerThread "GC Thread#2"                     [id=30226, stack(0x00007f3621b00000,0x00007f3621c00000) (1024K)]
  0x00007f3610009970 WorkerThread "GC Thread#3"                     [id=30227, stack(0x00007f36219ff000,0x00007f3621aff000) (1024K)]
  0x00007f361000a850 WorkerThread "GC Thread#4"                     [id=30228, stack(0x00007f36218fe000,0x00007f36219fe000) (1024K)]
  0x00007f361000b730 WorkerThread "GC Thread#5"                     [id=30229, stack(0x00007f36217fd000,0x00007f36218fd000) (1024K)]
  0x00007f361000c630 WorkerThread "GC Thread#6"                     [id=30230, stack(0x00007f36216fc000,0x00007f36217fc000) (1024K)]
  0x00007f361000d550 WorkerThread "GC Thread#7"                     [id=30231, stack(0x00007f36215fb000,0x00007f36216fb000) (1024K)]
  0x00007f3610016820 WorkerThread "GC Thread#8"                     [id=30233, stack(0x00007f36213f9000,0x00007f36214f9000) (1024K)]
  0x00007f3610016f40 WorkerThread "GC Thread#9"                     [id=30234, stack(0x00007f36212f8000,0x00007f36213f8000) (1024K)]
  0x00007f3698060970 ConcurrentGCThread "G1 Main Marker"            [id=30201, stack(0x00007f369c1df000,0x00007f369c2df000) (1024K)]
=>0x00007f3698061910 WorkerThread "G1 Conc#0"                       [id=30202, stack(0x00007f369c0de000,0x00007f369c1de000) (1024K)]
  0x00007f366c000d00 WorkerThread "G1 Conc#1"                       [id=30235, stack(0x00007f36211f7000,0x00007f36212f7000) (1024K)]
  0x00007f366c001830 WorkerThread "G1 Conc#2"                       [id=30236, stack(0x00007f36210f6000,0x00007f36211f6000) (1024K)]
  0x00007f36980df8a0 ConcurrentGCThread "G1 Refine#0"               [id=30203, stack(0x00007f36782f8000,0x00007f36783f8000) (1024K)]
  0x00007f36980e0860 ConcurrentGCThread "G1 Service"                [id=30204, stack(0x00007f36781f7000,0x00007f36782f7000) (1024K)]
Total: 18

Threads with active compile tasks:
C2 CompilerThread0  2564 4955   !   4       jdk.internal.loader.BuiltinClassLoader::loadClassOrNull (143 bytes)
C1 CompilerThread0  2564 4985   !   3       java.lang.invoke.MethodHandles$Lookup::canBeCached (150 bytes)
C2 CompilerThread1  2564 4514       4       org.codehaus.plexus.interpolation.AbstractDelegatingValueSource::getValue (13 bytes)
C2 CompilerThread2  2564 4802       4       java.lang.invoke.MethodType::methodType (69 bytes)
Total: 4

VM state: not at safepoint (normal execution)

VM Mutex/Monitor currently owned by a thread: None

Heap address: 0x0000000694c00000, size: 5812 MB, Compressed Oops mode: Zero based, Oop shift amount: 3

CDS archive(s) mapped at: [0x00007f3622000000-0x00007f3622c75000-0x00007f3622c75000), size 13062144, SharedBaseAddress: 0x00007f3622000000, ArchiveRelocationMode: 1.
Compressed class space mapped at: 0x00007f3623000000-0x00007f3663000000, reserved size: 1073741824
Narrow klass base: 0x00007f3622000000, Narrow klass shift: 0, Narrow klass range: 0x100000000

GC Precious Log:
 CardTable entry size: 512
 Card Set container configuration: InlinePtr #cards 4 size 8 Array Of Cards #cards 32 size 80 Howl #buckets 8 coarsen threshold 7372 Howl Bitmap #cards 1024 size 144 coarsen threshold 921 Card regions per heap region 1 cards per card region 8192
 CPUs: 12 total, 12 available
 Memory: 23242M
 Large Page Support: Disabled
 NUMA Support: Disabled
 Compressed Oops: Enabled (Zero based)
 Heap Region Size: 4M
 Heap Min Capacity: 8M
 Heap Initial Capacity: 364M
 Heap Max Capacity: 5812M
 Pre-touch: Disabled
 Parallel Workers: 10
 Concurrent Workers: 3
 Concurrent Refinement Workers: 10
 Periodic GC: Disabled

Heap:
 garbage-first heap   total reserved 5951488K, committed 376832K, used 16233K [0x0000000694c00000, 0x0000000800000000)
  region size 4096K, 5 young (20480K), 4 survivors (16384K)
 Metaspace       used 21882K, committed 22208K, reserved 1114112K
  class space    used 2594K, committed 2752K, reserved 1048576K

Heap Regions: E=young(eden), S=young(survivor), O=old, HS=humongous(starts), HC=humongous(continues), CS=collection set, F=free, TAMS=top-at-mark-start, PB=parsable bottom
|   0|0x0000000694c00000, 0x0000000694c00000, 0x0000000695000000|  0%| F|  |TAMS 0x0000000694c00000| PB 0x0000000694c00000| Untracked |  0
|   1|0x0000000695000000, 0x0000000695000000, 0x0000000695400000|  0%| F|  |TAMS 0x0000000695000000| PB 0x0000000695000000| Untracked |  0
|   2|0x0000000695400000, 0x0000000695400000, 0x0000000695800000|  0%| F|  |TAMS 0x0000000695400000| PB 0x0000000695400000| Untracked |  0
|   3|0x0000000695800000, 0x0000000695800000, 0x0000000695c00000|  0%| F|  |TAMS 0x0000000695800000| PB 0x0000000695800000| Untracked |  0
|   4|0x0000000695c00000, 0x0000000695c00000, 0x0000000696000000|  0%| F|  |TAMS 0x0000000695c00000| PB 0x0000000695c00000| Untracked |  0
|   5|0x0000000696000000, 0x0000000696000000, 0x0000000696400000|  0%| F|  |TAMS 0x0000000696000000| PB 0x0000000696000000| Untracked |  0
|   6|0x0000000696400000, 0x0000000696400000, 0x0000000696800000|  0%| F|  |TAMS 0x0000000696400000| PB 0x0000000696400000| Untracked |  0
|   7|0x0000000696800000, 0x0000000696800000, 0x0000000696c00000|  0%| F|  |TAMS 0x0000000696800000| PB 0x0000000696800000| Untracked |  0
|   8|0x0000000696c00000, 0x0000000696c00000, 0x0000000697000000|  0%| F|  |TAMS 0x0000000696c00000| PB 0x0000000696c00000| Untracked |  0
|   9|0x0000000697000000, 0x0000000697000000, 0x0000000697400000|  0%| F|  |TAMS 0x0000000697000000| PB 0x0000000697000000| Untracked |  0
|  10|0x0000000697400000, 0x0000000697400000, 0x0000000697800000|  0%| F|  |TAMS 0x0000000697400000| PB 0x0000000697400000| Untracked |  0
|  11|0x0000000697800000, 0x0000000697800000, 0x0000000697c00000|  0%| F|  |TAMS 0x0000000697800000| PB 0x0000000697800000| Untracked |  0
|  12|0x0000000697c00000, 0x0000000697c00000, 0x0000000698000000|  0%| F|  |TAMS 0x0000000697c00000| PB 0x0000000697c00000| Untracked |  0
|  13|0x0000000698000000, 0x0000000698000000, 0x0000000698400000|  0%| F|  |TAMS 0x0000000698000000| PB 0x0000000698000000| Untracked |  0
|  14|0x0000000698400000, 0x0000000698400000, 0x0000000698800000|  0%| F|  |TAMS 0x0000000698400000| PB 0x0000000698400000| Untracked |  0
|  15|0x0000000698800000, 0x0000000698800000, 0x0000000698c00000|  0%| F|  |TAMS 0x0000000698800000| PB 0x0000000698800000| Untracked |  0
|  16|0x0000000698c00000, 0x0000000698c00000, 0x0000000699000000|  0%| F|  |TAMS 0x0000000698c00000| PB 0x0000000698c00000| Untracked |  0
|  17|0x0000000699000000, 0x0000000699000000, 0x0000000699400000|  0%| F|  |TAMS 0x0000000699000000| PB 0x0000000699000000| Untracked |  0
|  18|0x0000000699400000, 0x0000000699400000, 0x0000000699800000|  0%| F|  |TAMS 0x0000000699400000| PB 0x0000000699400000| Untracked |  0
|  19|0x0000000699800000, 0x0000000699800000, 0x0000000699c00000|  0%| F|  |TAMS 0x0000000699800000| PB 0x0000000699800000| Untracked |  0
|  20|0x0000000699c00000, 0x0000000699c00000, 0x000000069a000000|  0%| F|  |TAMS 0x0000000699c00000| PB 0x0000000699c00000| Untracked |  0
|  21|0x000000069a000000, 0x000000069a000000, 0x000000069a400000|  0%| F|  |TAMS 0x000000069a000000| PB 0x000000069a000000| Untracked |  0
|  22|0x000000069a400000, 0x000000069a400000, 0x000000069a800000|  0%| F|  |TAMS 0x000000069a400000| PB 0x000000069a400000| Untracked |  0
|  23|0x000000069a800000, 0x000000069a800000, 0x000000069ac00000|  0%| F|  |TAMS 0x000000069a800000| PB 0x000000069a800000| Untracked |  0
|  24|0x000000069ac00000, 0x000000069ac00000, 0x000000069b000000|  0%| F|  |TAMS 0x000000069ac00000| PB 0x000000069ac00000| Untracked |  0
|  25|0x000000069b000000, 0x000000069b000000, 0x000000069b400000|  0%| F|  |TAMS 0x000000069b000000| PB 0x000000069b000000| Untracked |  0
|  26|0x000000069b400000, 0x000000069b400000, 0x000000069b800000|  0%| F|  |TAMS 0x000000069b400000| PB 0x000000069b400000| Untracked |  0
|  27|0x000000069b800000, 0x000000069b800000, 0x000000069bc00000|  0%| F|  |TAMS 0x000000069b800000| PB 0x000000069b800000| Untracked |  0
|  28|0x000000069bc00000, 0x000000069bc00000, 0x000000069c000000|  0%| F|  |TAMS 0x000000069bc00000| PB 0x000000069bc00000| Untracked |  0
|  29|0x000000069c000000, 0x000000069c000000, 0x000000069c400000|  0%| F|  |TAMS 0x000000069c000000| PB 0x000000069c000000| Untracked |  0
|  30|0x000000069c400000, 0x000000069c400000, 0x000000069c800000|  0%| F|  |TAMS 0x000000069c400000| PB 0x000000069c400000| Untracked |  0
|  31|0x000000069c800000, 0x000000069c800000, 0x000000069cc00000|  0%| F|  |TAMS 0x000000069c800000| PB 0x000000069c800000| Untracked |  0
|  32|0x000000069cc00000, 0x000000069cc00000, 0x000000069d000000|  0%| F|  |TAMS 0x000000069cc00000| PB 0x000000069cc00000| Untracked |  0
|  33|0x000000069d000000, 0x000000069d000000, 0x000000069d400000|  0%| F|  |TAMS 0x000000069d000000| PB 0x000000069d000000| Untracked |  0
|  34|0x000000069d400000, 0x000000069d400000, 0x000000069d800000|  0%| F|  |TAMS 0x000000069d400000| PB 0x000000069d400000| Untracked |  0
|  35|0x000000069d800000, 0x000000069d800000, 0x000000069dc00000|  0%| F|  |TAMS 0x000000069d800000| PB 0x000000069d800000| Untracked |  0
|  36|0x000000069dc00000, 0x000000069dc00000, 0x000000069e000000|  0%| F|  |TAMS 0x000000069dc00000| PB 0x000000069dc00000| Untracked |  0
|  37|0x000000069e000000, 0x000000069e000000, 0x000000069e400000|  0%| F|  |TAMS 0x000000069e000000| PB 0x000000069e000000| Untracked |  0
|  38|0x000000069e400000, 0x000000069e400000, 0x000000069e800000|  0%| F|  |TAMS 0x000000069e400000| PB 0x000000069e400000| Untracked |  0
|  39|0x000000069e800000, 0x000000069e800000, 0x000000069ec00000|  0%| F|  |TAMS 0x000000069e800000| PB 0x000000069e800000| Untracked |  0
|  40|0x000000069ec00000, 0x000000069ec00000, 0x000000069f000000|  0%| F|  |TAMS 0x000000069ec00000| PB 0x000000069ec00000| Untracked |  0
|  41|0x000000069f000000, 0x000000069f000000, 0x000000069f400000|  0%| F|  |TAMS 0x000000069f000000| PB 0x000000069f000000| Untracked |  0
|  42|0x000000069f400000, 0x000000069f400000, 0x000000069f800000|  0%| F|  |TAMS 0x000000069f400000| PB 0x000000069f400000| Untracked |  0
|  43|0x000000069f800000, 0x000000069f800000, 0x000000069fc00000|  0%| F|  |TAMS 0x000000069f800000| PB 0x000000069f800000| Untracked |  0
|  44|0x000000069fc00000, 0x000000069fc00000, 0x00000006a0000000|  0%| F|  |TAMS 0x000000069fc00000| PB 0x000000069fc00000| Untracked |  0
|  45|0x00000006a0000000, 0x00000006a0000000, 0x00000006a0400000|  0%| F|  |TAMS 0x00000006a0000000| PB 0x00000006a0000000| Untracked |  0
|  46|0x00000006a0400000, 0x00000006a0400000, 0x00000006a0800000|  0%| F|  |TAMS 0x00000006a0400000| PB 0x00000006a0400000| Untracked |  0
|  47|0x00000006a0800000, 0x00000006a0800000, 0x00000006a0c00000|  0%| F|  |TAMS 0x00000006a0800000| PB 0x00000006a0800000| Untracked |  0
|  48|0x00000006a0c00000, 0x00000006a0ed1f10, 0x00000006a1000000| 70%| S|CS|TAMS 0x00000006a0c00000| PB 0x00000006a0c00000| Complete |  0
|  49|0x00000006a1000000, 0x00000006a1400000, 0x00000006a1400000|100%| S|CS|TAMS 0x00000006a1000000| PB 0x00000006a1000000| Complete |  0
|  50|0x00000006a1400000, 0x00000006a1800000, 0x00000006a1800000|100%| S|CS|TAMS 0x00000006a1400000| PB 0x00000006a1400000| Complete |  0
|  51|0x00000006a1800000, 0x00000006a1c00000, 0x00000006a1c00000|100%| S|CS|TAMS 0x00000006a1800000| PB 0x00000006a1800000| Complete |  0
|  52|0x00000006a1c00000, 0x00000006a1c00000, 0x00000006a2000000|  0%| F|  |TAMS 0x00000006a1c00000| PB 0x00000006a1c00000| Untracked |  0
|  53|0x00000006a2000000, 0x00000006a2000000, 0x00000006a2400000|  0%| F|  |TAMS 0x00000006a2000000| PB 0x00000006a2000000| Untracked |  0
|  54|0x00000006a2400000, 0x00000006a2400000, 0x00000006a2800000|  0%| F|  |TAMS 0x00000006a2400000| PB 0x00000006a2400000| Untracked |  0
|  55|0x00000006a2800000, 0x00000006a2800000, 0x00000006a2c00000|  0%| F|  |TAMS 0x00000006a2800000| PB 0x00000006a2800000| Untracked |  0
|  56|0x00000006a2c00000, 0x00000006a2c00000, 0x00000006a3000000|  0%| F|  |TAMS 0x00000006a2c00000| PB 0x00000006a2c00000| Untracked |  0
|  57|0x00000006a3000000, 0x00000006a3000000, 0x00000006a3400000|  0%| F|  |TAMS 0x00000006a3000000| PB 0x00000006a3000000| Untracked |  0
|  58|0x00000006a3400000, 0x00000006a3400000, 0x00000006a3800000|  0%| F|  |TAMS 0x00000006a3400000| PB 0x00000006a3400000| Untracked |  0
|  59|0x00000006a3800000, 0x00000006a3800000, 0x00000006a3c00000|  0%| F|  |TAMS 0x00000006a3800000| PB 0x00000006a3800000| Untracked |  0
|  60|0x00000006a3c00000, 0x00000006a3c00000, 0x00000006a4000000|  0%| F|  |TAMS 0x00000006a3c00000| PB 0x00000006a3c00000| Untracked |  0
|  61|0x00000006a4000000, 0x00000006a4000000, 0x00000006a4400000|  0%| F|  |TAMS 0x00000006a4000000| PB 0x00000006a4000000| Untracked |  0
|  62|0x00000006a4400000, 0x00000006a4400000, 0x00000006a4800000|  0%| F|  |TAMS 0x00000006a4400000| PB 0x00000006a4400000| Untracked |  0
|  63|0x00000006a4800000, 0x00000006a4800000, 0x00000006a4c00000|  0%| F|  |TAMS 0x00000006a4800000| PB 0x00000006a4800000| Untracked |  0
|  64|0x00000006a4c00000, 0x00000006a4c00000, 0x00000006a5000000|  0%| F|  |TAMS 0x00000006a4c00000| PB 0x00000006a4c00000| Untracked |  0
|  65|0x00000006a5000000, 0x00000006a5000000, 0x00000006a5400000|  0%| F|  |TAMS 0x00000006a5000000| PB 0x00000006a5000000| Untracked |  0
|  66|0x00000006a5400000, 0x00000006a5400000, 0x00000006a5800000|  0%| F|  |TAMS 0x00000006a5400000| PB 0x00000006a5400000| Untracked |  0
|  67|0x00000006a5800000, 0x00000006a5800000, 0x00000006a5c00000|  0%| F|  |TAMS 0x00000006a5800000| PB 0x00000006a5800000| Untracked |  0
|  68|0x00000006a5c00000, 0x00000006a5c00000, 0x00000006a6000000|  0%| F|  |TAMS 0x00000006a5c00000| PB 0x00000006a5c00000| Untracked |  0
|  69|0x00000006a6000000, 0x00000006a6000000, 0x00000006a6400000|  0%| F|  |TAMS 0x00000006a6000000| PB 0x00000006a6000000| Untracked |  0
|  70|0x00000006a6400000, 0x00000006a6400000, 0x00000006a6800000|  0%| F|  |TAMS 0x00000006a6400000| PB 0x00000006a6400000| Untracked |  0
|  71|0x00000006a6800000, 0x00000006a6800000, 0x00000006a6c00000|  0%| F|  |TAMS 0x00000006a6800000| PB 0x00000006a6800000| Untracked |  0
|  72|0x00000006a6c00000, 0x00000006a6c00000, 0x00000006a7000000|  0%| F|  |TAMS 0x00000006a6c00000| PB 0x00000006a6c00000| Untracked |  0
|  73|0x00000006a7000000, 0x00000006a7000000, 0x00000006a7400000|  0%| F|  |TAMS 0x00000006a7000000| PB 0x00000006a7000000| Untracked |  0
|  74|0x00000006a7400000, 0x00000006a7400000, 0x00000006a7800000|  0%| F|  |TAMS 0x00000006a7400000| PB 0x00000006a7400000| Untracked |  0
|  75|0x00000006a7800000, 0x00000006a7800000, 0x00000006a7c00000|  0%| F|  |TAMS 0x00000006a7800000| PB 0x00000006a7800000| Untracked |  0
|  76|0x00000006a7c00000, 0x00000006a7c00000, 0x00000006a8000000|  0%| F|  |TAMS 0x00000006a7c00000| PB 0x00000006a7c00000| Untracked |  0
|  77|0x00000006a8000000, 0x00000006a8000000, 0x00000006a8400000|  0%| F|  |TAMS 0x00000006a8000000| PB 0x00000006a8000000| Untracked |  0
|  78|0x00000006a8400000, 0x00000006a8400000, 0x00000006a8800000|  0%| F|  |TAMS 0x00000006a8400000| PB 0x00000006a8400000| Untracked |  0
|  79|0x00000006a8800000, 0x00000006a8800000, 0x00000006a8c00000|  0%| F|  |TAMS 0x00000006a8800000| PB 0x00000006a8800000| Untracked |  0
|  80|0x00000006a8c00000, 0x00000006a8c00000, 0x00000006a9000000|  0%| F|  |TAMS 0x00000006a8c00000| PB 0x00000006a8c00000| Untracked |  0
|  81|0x00000006a9000000, 0x00000006a9000000, 0x00000006a9400000|  0%| F|  |TAMS 0x00000006a9000000| PB 0x00000006a9000000| Untracked |  0
|  82|0x00000006a9400000, 0x00000006a9400000, 0x00000006a9800000|  0%| F|  |TAMS 0x00000006a9400000| PB 0x00000006a9400000| Untracked |  0
|  83|0x00000006a9800000, 0x00000006a9800000, 0x00000006a9c00000|  0%| F|  |TAMS 0x00000006a9800000| PB 0x00000006a9800000| Untracked |  0
|  84|0x00000006a9c00000, 0x00000006a9c00000, 0x00000006aa000000|  0%| F|  |TAMS 0x00000006a9c00000| PB 0x00000006a9c00000| Untracked |  0
|  85|0x00000006aa000000, 0x00000006aa000000, 0x00000006aa400000|  0%| F|  |TAMS 0x00000006aa000000| PB 0x00000006aa000000| Untracked |  0
|  86|0x00000006aa400000, 0x00000006aa400000, 0x00000006aa800000|  0%| F|  |TAMS 0x00000006aa400000| PB 0x00000006aa400000| Untracked |  0
|  87|0x00000006aa800000, 0x00000006aa800000, 0x00000006aac00000|  0%| F|  |TAMS 0x00000006aa800000| PB 0x00000006aa800000| Untracked |  0
|  88|0x00000006aac00000, 0x00000006aac00000, 0x00000006ab000000|  0%| F|  |TAMS 0x00000006aac00000| PB 0x00000006aac00000| Untracked |  0
|  89|0x00000006ab000000, 0x00000006ab000000, 0x00000006ab400000|  0%| F|  |TAMS 0x00000006ab000000| PB 0x00000006ab000000| Untracked |  0
|  90|0x00000006ab400000, 0x00000006ab6d8550, 0x00000006ab800000| 71%| E|  |TAMS 0x00000006ab400000| PB 0x00000006ab400000| Complete |  0
|1452|0x00000007ffc00000, 0x00000007ffd08630, 0x0000000800000000| 25%| O|  |TAMS 0x00000007ffd08630| PB 0x00000007ffc00000| Untracked |  0

Card table byte_map: [0x00007f369c46c000,0x00007f369cfc6000] _byte_map_base: 0x00007f3698fc6000

Marking Bits: (CMBitMap*) 0x00007f36980548e0
 Bits: [0x00007f367ad30000, 0x00007f3680800000)

Polling page: 0x00007f36a0137000

Metaspace:

Usage:
  Non-class:     18.86 MB used.
      Class:      2.54 MB used.
       Both:     21.40 MB used.

Virtual space:
  Non-class space:       64.00 MB reserved,      19.06 MB ( 30%) committed,  1 nodes.
      Class space:        1.00 GB reserved,       2.69 MB ( <1%) committed,  1 nodes.
             Both:        1.06 GB reserved,      21.75 MB (  2%) committed. 

Chunk freelists:
   Non-Class:  12.73 MB
       Class:  13.22 MB
        Both:  25.95 MB

MaxMetaspaceSize: unlimited
CompressedClassSpaceSize: 1.00 GB
Initial GC threshold: 21.00 MB
Current GC threshold: 21.94 MB
CDS: on
 - commit_granule_bytes: 65536.
 - commit_granule_words: 8192.
 - virtual_space_node_default_size: 8388608.
 - enlarge_chunks_in_place: 1.
 - use_allocation_guard: 0.


Internal statistics:

num_allocs_failed_limit: 9.
num_arena_births: 208.
num_arena_deaths: 0.
num_vsnodes_births: 2.
num_vsnodes_deaths: 0.
num_space_committed: 348.
num_space_uncommitted: 0.
num_chunks_returned_to_freelist: 9.
num_chunks_taken_from_freelist: 962.
num_chunk_merges: 9.
num_chunk_splits: 699.
num_chunks_enlarged: 552.
num_inconsistent_stats: 0.

CodeHeap 'non-profiled nmethods': size=120028Kb used=2478Kb max_used=2478Kb free=117549Kb
 bounds [0x00007f36882c9000, 0x00007f3688539000, 0x00007f368f800000]
CodeHeap 'profiled nmethods': size=120028Kb used=10403Kb max_used=10403Kb free=109625Kb
 bounds [0x00007f3680800000, 0x00007f3681230000, 0x00007f3687d37000]
CodeHeap 'non-nmethods': size=5704Kb used=1424Kb max_used=1460Kb free=4279Kb
 bounds [0x00007f3687d37000, 0x00007f3687fa7000, 0x00007f36882c9000]
 total_blobs=5507 nmethods=4980 adapters=432
 compilation: enabled
              stopped_count=0, restarted_count=0
 full_count=0

Compilation events (20 events):
Event: 2.504 Thread 0x00007f3698121dc0 4965       3       java.nio.DirectByteBufferR::slice (74 bytes)
Event: 2.504 Thread 0x00007f3698121dc0 nmethod 4965 0x00007f368120fc10 code [0x00007f368120fdc0, 0x00007f3681210078]
Event: 2.504 Thread 0x00007f3698121dc0 4966       3       java.lang.ClassLoader::defineClass (108 bytes)
Event: 2.505 Thread 0x00007f3698121dc0 nmethod 4966 0x00007f3681210190 code [0x00007f3681210480, 0x00007f3681211440]
Event: 2.508 Thread 0x00007f3698121dc0 4968       3       java.lang.invoke.MethodHandleNatives::linkCallSite (65 bytes)
Event: 2.508 Thread 0x00007f3698121dc0 nmethod 4968 0x00007f3681211a10 code [0x00007f3681211be0, 0x00007f36812120d0]
Event: 2.508 Thread 0x00007f3698121dc0 4969       3       java.lang.invoke.MethodHandleNatives::linkCallSiteImpl (119 bytes)
Event: 2.509 Thread 0x00007f3698121dc0 nmethod 4969 0x00007f3681212290 code [0x00007f36812124c0, 0x00007f3681212d78]
Event: 2.509 Thread 0x00007f3698121dc0 4970       3       java.lang.invoke.ConstantCallSite::<init> (17 bytes)
Event: 2.538 Thread 0x00007f3698121dc0 nmethod 4970 0x00007f3681213110 code [0x00007f3681213300, 0x00007f3681213880]
Event: 2.538 Thread 0x00007f3698121dc0 4971       3       java.util.concurrent.locks.ReentrantLock$Sync::isHeldExclusively (16 bytes)
Event: 2.538 Thread 0x00007f3698121dc0 nmethod 4971 0x00007f3681213a90 code [0x00007f3681213c20, 0x00007f3681213db0]
Event: 2.538 Thread 0x00007f3698121dc0 4974   !   3       java.lang.ref.NativeReferenceQueue::enqueue (20 bytes)
Event: 2.539 Thread 0x00007f3698121dc0 nmethod 4974 0x00007f3681213e10 code [0x00007f3681213fc0, 0x00007f36812141f8]
Event: 2.539 Thread 0x00007f3698121dc0 4975       3       java.lang.ref.NativeReferenceQueue::signal (8 bytes)
Event: 2.539 Thread 0x00007f3698121dc0 nmethod 4975 0x00007f3681214310 code [0x00007f36812144a0, 0x00007f36812145e8]
Event: 2.539 Thread 0x00007f3698121dc0 4972   !   3       java.lang.ref.ReferenceQueue::enqueue (32 bytes)
Event: 2.539 Thread 0x00007f3698121dc0 nmethod 4972 0x00007f3681214690 code [0x00007f36812148e0, 0x00007f3681215270]
Event: 2.541 Thread 0x00007f3698121dc0 4976       3       com.sun.tools.javac.util.List::nil (4 bytes)
Event: 2.541 Thread 0x00007f3698121dc0 nmethod 4976 0x00007f3681215610 code [0x00007f36812157a0, 0x00007f3681215890]

GC Heap History (6 events):
Event: 0.477 GC heap before
{Heap before GC invocations=0 (full 0):
 garbage-first heap   total reserved 5951488K, committed 376832K, used 25633K [0x0000000694c00000, 0x0000000800000000)
  region size 4096K, 6 young (24576K), 0 survivors (0K)
 Metaspace       used 5695K, committed 5824K, reserved 1114112K
  class space    used 676K, committed 768K, reserved 1048576K
}
Event: 0.485 GC heap after
{Heap after GC invocations=1 (full 0):
 garbage-first heap   total reserved 5951488K, committed 376832K, used 4366K [0x0000000694c00000, 0x0000000800000000)
  region size 4096K, 1 young (4096K), 1 survivors (4096K)
 Metaspace       used 5695K, committed 5824K, reserved 1114112K
  class space    used 676K, committed 768K, reserved 1048576K
}
Event: 0.919 GC heap before
{Heap before GC invocations=1 (full 0):
 garbage-first heap   total reserved 5951488K, committed 376832K, used 33038K [0x0000000694c00000, 0x0000000800000000)
  region size 4096K, 9 young (36864K), 1 survivors (4096K)
 Metaspace       used 10780K, committed 11008K, reserved 1114112K
  class space    used 1313K, committed 1408K, reserved 1048576K
}
Event: 0.929 GC heap after
{Heap after GC invocations=2 (full 0):
 garbage-first heap   total reserved 5951488K, committed 376832K, used 6304K [0x0000000694c00000, 0x0000000800000000)
  region size 4096K, 2 young (8192K), 2 survivors (8192K)
 Metaspace       used 10780K, committed 11008K, reserved 1114112K
  class space    used 1313K, committed 1408K, reserved 1048576K
}
Event: 2.509 GC heap before
{Heap before GC invocations=2 (full 0):
 garbage-first heap   total reserved 5951488K, committed 376832K, used 153760K [0x0000000694c00000, 0x0000000800000000)
  region size 4096K, 39 young (159744K), 2 survivors (8192K)
 Metaspace       used 21204K, committed 21504K, reserved 1114112K
  class space    used 2519K, committed 2624K, reserved 1048576K
}
Event: 2.538 GC heap after
{Heap after GC invocations=3 (full 0):
 garbage-first heap   total reserved 5951488K, committed 376832K, used 16233K [0x0000000694c00000, 0x0000000800000000)
  region size 4096K, 4 young (16384K), 4 survivors (16384K)
 Metaspace       used 21204K, committed 21504K, reserved 1114112K
  class space    used 2519K, committed 2624K, reserved 1048576K
}

Dll operation events (8 events):
Event: 0.001 Loaded shared library /home/ld986/.jdks/temurin-22.0.2/lib/libjava.so
Event: 0.023 Loaded shared library /home/ld986/.jdks/temurin-22.0.2/lib/libjsvml.so
Event: 0.034 Loaded shared library /home/ld986/.jdks/temurin-22.0.2/lib/libnio.so
Event: 0.037 Loaded shared library /home/ld986/.jdks/temurin-22.0.2/lib/libzip.so
Event: 0.045 Loaded shared library /home/ld986/.jdks/temurin-22.0.2/lib/libnet.so
Event: 0.119 Loaded shared library /home/ld986/.jdks/temurin-22.0.2/lib/libjimage.so
Event: 0.126 Loaded shared library /tmp/jansi-2.4.2-b8d260f7f98cfc24-libjansi.so
Event: 0.135 Loaded shared library /home/ld986/.jdks/temurin-22.0.2/lib/libverify.so

Deoptimization events (20 events):
Event: 2.349 Thread 0x00007f369802bd80 DEOPT PACKING pc=0x00007f368848b454 sp=0x00007f369e7fd670
Event: 2.349 Thread 0x00007f369802bd80 DEOPT UNPACKING pc=0x00007f3687d8af99 sp=0x00007f369e7fd680 mode 2
Event: 2.355 Thread 0x00007f369802bd80 Uncommon trap: trap_request=0xffffffde fr.pc=0x00007f368848b454 relative=0x00000000000006d4
Event: 2.355 Thread 0x00007f369802bd80 Uncommon trap: reason=class_check action=maybe_recompile pc=0x00007f368848b454 method=org.eclipse.sisu.inject.LazyBeanEntry.getValue()Ljava/lang/Object; @ 4 c2
Event: 2.355 Thread 0x00007f369802bd80 DEOPT PACKING pc=0x00007f368848b454 sp=0x00007f369e7fd5b0
Event: 2.355 Thread 0x00007f369802bd80 DEOPT UNPACKING pc=0x00007f3687d8af99 sp=0x00007f369e7fd5c0 mode 2
Event: 2.355 Thread 0x00007f369802bd80 Uncommon trap: trap_request=0xffffffde fr.pc=0x00007f3688484c68 relative=0x0000000000000208
Event: 2.355 Thread 0x00007f369802bd80 Uncommon trap: reason=class_check action=maybe_recompile pc=0x00007f3688484c68 method=com.google.inject.internal.FactoryProxy.get(Lcom/google/inject/internal/InternalContext;Lcom/google/inject/spi/Dependency;Z)Ljava/lang/Object; @ 13 c2
Event: 2.355 Thread 0x00007f369802bd80 DEOPT PACKING pc=0x00007f3688484c68 sp=0x00007f369e7fd4a0
Event: 2.355 Thread 0x00007f369802bd80 DEOPT UNPACKING pc=0x00007f3687d8af99 sp=0x00007f369e7fd428 mode 2
Event: 2.425 Thread 0x00007f369802bd80 Uncommon trap: trap_request=0xffffff45 fr.pc=0x00007f368835ee24 relative=0x0000000000000b64
Event: 2.425 Thread 0x00007f369802bd80 Uncommon trap: reason=unstable_if action=reinterpret pc=0x00007f368835ee24 method=jdk.internal.jimage.ImageLocation.verifyName(Ljava/lang/String;Ljava/lang/String;IIIIIILjdk/internal/jimage/ImageStrings;)Z @ 45 c2
Event: 2.425 Thread 0x00007f369802bd80 DEOPT PACKING pc=0x00007f368835ee24 sp=0x00007f369e7fc270
Event: 2.425 Thread 0x00007f369802bd80 DEOPT UNPACKING pc=0x00007f3687d8af99 sp=0x00007f369e7fc168 mode 2
Event: 2.425 Thread 0x00007f369802bd80 Uncommon trap: trap_request=0xffffff45 fr.pc=0x00007f36883cb9fc relative=0x000000000000023c
Event: 2.425 Thread 0x00007f369802bd80 Uncommon trap: reason=unstable_if action=reinterpret pc=0x00007f36883cb9fc method=jdk.internal.module.SystemModuleFinders$SystemModuleReader.find(Ljava/lang/String;)Ljava/util/Optional; @ 5 c2
Event: 2.425 Thread 0x00007f369802bd80 DEOPT PACKING pc=0x00007f36883cb9fc sp=0x00007f369e7fc2f0
Event: 2.425 Thread 0x00007f369802bd80 DEOPT UNPACKING pc=0x00007f3687d8af99 sp=0x00007f369e7fc2b8 mode 2
Event: 2.428 Thread 0x00007f369802bd80 DEOPT PACKING pc=0x00007f3680a35967 sp=0x00007f369e7fca30
Event: 2.428 Thread 0x00007f369802bd80 DEOPT UNPACKING pc=0x00007f3687d8b72f sp=0x00007f369e7fbf60 mode 0

Classes loaded (20 events):
Event: 2.425 Loading class java/nio/channels/AsynchronousChannel done
Event: 2.425 Loading class java/nio/channels/AsynchronousFileChannel done
Event: 2.425 Loading class jdk/internal/jrtfs/JrtFileSystemProvider
Event: 2.425 Loading class jdk/internal/jrtfs/JrtFileSystemProvider done
Event: 2.426 Loading class sun/net/www/protocol/jrt/JavaRuntimeURLConnection
Event: 2.426 Loading class sun/net/www/protocol/jrt/JavaRuntimeURLConnection done
Event: 2.426 Loading class sun/net/www/protocol/jrt/JavaRuntimeURLConnection$1
Event: 2.426 Loading class sun/net/www/protocol/jrt/JavaRuntimeURLConnection$1 done
Event: 2.426 Loading class jdk/internal/jimage/ImageBufferCache
Event: 2.427 Loading class jdk/internal/jimage/ImageBufferCache done
Event: 2.427 Loading class jdk/internal/jimage/ImageBufferCache$1
Event: 2.427 Loading class jdk/internal/jimage/ImageBufferCache$1 done
Event: 2.427 Loading class jdk/internal/jimage/ImageBufferCache$2
Event: 2.427 Loading class jdk/internal/jimage/ImageBufferCache$2 done
Event: 2.427 Loading class java/util/AbstractMap$SimpleEntry
Event: 2.427 Loading class java/util/AbstractMap$SimpleEntry done
Event: 2.479 Loading class java/nio/file/ReadOnlyFileSystemException
Event: 2.479 Loading class java/nio/file/ReadOnlyFileSystemException done
Event: 2.486 Loading class java/nio/file/ClosedFileSystemException
Event: 2.486 Loading class java/nio/file/ClosedFileSystemException done

Classes unloaded (0 events):
No events

Classes redefined (0 events):
No events

Internal exceptions (20 events):
Event: 0.931 Thread 0x00007f369802bd80 Exception <a 'java/lang/NoSuchMethodError'{0x00000006ab409dd8}: 'java.lang.Object java.lang.invoke.Invokers$Holder.invokeExact_MT(java.lang.Object, int, java.lang.Object)'> (0x00000006ab409dd8) 
thrown [src/hotspot/share/interpreter/linkResolver.cpp, line 773]
Event: 1.094 Thread 0x00007f369802bd80 Exception <a 'java/lang/NoSuchMethodError'{0x00000006aaca1a78}: 'void java.lang.invoke.Invokers$Holder.invokeExact_MT(java.lang.Object, java.lang.Object, java.lang.Object, java.lang.Object)'> (0x00000006aaca1a78) 
thrown [src/hotspot/share/interpreter/linkResolver.cpp, line 773]
Event: 1.109 Thread 0x00007f369802bd80 Exception <a 'java/lang/NoClassDefFoundError'{0x00000006aad34888}: com/google/inject/servlet/ServletModuleTargetVisitor> (0x00000006aad34888) 
thrown [src/hotspot/share/classfile/systemDictionary.cpp, line 302]
Event: 1.160 Thread 0x00007f369802bd80 Exception <a 'java/lang/NoSuchMethodError'{0x00000006aafe8408}: 'void java.lang.invoke.DirectMethodHandle$Holder.invokeVirtual(java.lang.Object, java.lang.Object)'> (0x00000006aafe8408) 
thrown [src/hotspot/share/interpreter/linkResolver.cpp, line 773]
Event: 1.268 Thread 0x00007f369802bd80 Exception <a 'java/lang/NoSuchMethodError'{0x00000006aa5df6a8}: 'void java.lang.invoke.DirectMethodHandle$Holder.invokeSpecial(java.lang.Object, java.lang.Object, java.lang.Object, java.lang.Object, java.lang.Object)'> (0x00000006aa5df6a8) 
thrown [src/hotspot/share/interpreter/linkResolver.cpp, line 773]
Event: 1.270 Thread 0x00007f369802bd80 Exception <a 'java/lang/NoSuchMethodError'{0x00000006aa5f9c58}: 'java.lang.Object java.lang.invoke.DirectMethodHandle$Holder.invokeVirtual(java.lang.Object, java.lang.Object, java.lang.Object)'> (0x00000006aa5f9c58) 
thrown [src/hotspot/share/interpreter/linkResolver.cpp, line 773]
Event: 1.271 Thread 0x00007f369802bd80 Exception <a 'java/lang/NoSuchMethodError'{0x00000006aa60b3c0}: 'void java.lang.invoke.DirectMethodHandle$Holder.invokeSpecial(java.lang.Object, java.lang.Object, java.lang.Object, java.lang.Object, java.lang.Object, java.lang.Object)'> (0x00000006aa60b3c0) 
thrown [src/hotspot/share/interpreter/linkResolver.cpp, line 773]
Event: 1.286 Thread 0x00007f369802bd80 Exception <a 'java/lang/NoSuchMethodError'{0x00000006aa71aea0}: 'void java.lang.invoke.DirectMethodHandle$Holder.invokeVirtual(java.lang.Object, java.lang.Object, int)'> (0x00000006aa71aea0) 
thrown [src/hotspot/share/interpreter/linkResolver.cpp, line 773]
Event: 1.286 Thread 0x00007f369802bd80 Exception <a 'java/lang/NoSuchMethodError'{0x00000006aa71eca0}: 'void java.lang.invoke.DirectMethodHandle$Holder.invokeSpecial(java.lang.Object, java.lang.Object, java.lang.Object, int)'> (0x00000006aa71eca0) 
thrown [src/hotspot/share/interpreter/linkResolver.cpp, line 773]
Event: 1.287 Thread 0x00007f369802bd80 Exception <a 'java/lang/NoSuchMethodError'{0x00000006aa722370}: 'void java.lang.invoke.DelegatingMethodHandle$Holder.reinvoke_L(java.lang.Object, java.lang.Object, int)'> (0x00000006aa722370) 
thrown [src/hotspot/share/interpreter/linkResolver.cpp, line 773]
Event: 2.123 Thread 0x00007f369802bd80 Implicit null exception at 0x00007f3688378b1b to 0x00007f3688378d60
Event: 2.123 Thread 0x00007f369802bd80 Implicit null exception at 0x00007f368834431b to 0x00007f3688344574
Event: 2.152 Thread 0x00007f369802bd80 Exception <a 'java/lang/NoSuchMethodError'{0x00000006a39e5058}: 'java.lang.Object java.lang.invoke.DirectMethodHandle$Holder.newInvokeSpecial(java.lang.Object, java.lang.Object, java.lang.Object, java.lang.Object, java.lang.Object, java.lang.Object, java.lang.Object)'> (0x00000006a39e5058) 
thrown [src/hotspot/share/interpreter/linkResolver.cpp, line 773]
Event: 2.224 Thread 0x00007f369802bd80 Implicit null exception at 0x00007f368846dee4 to 0x00007f368846e6f4
Event: 2.232 Thread 0x00007f369802bd80 Exception <a 'java/lang/NoSuchMethodError'{0x00000006a3139420}: 'int java.lang.invoke.DirectMethodHandle$Holder.invokeVirtual(java.lang.Object, java.lang.Object)'> (0x00000006a3139420) 
thrown [src/hotspot/share/interpreter/linkResolver.cpp, line 773]
Event: 2.243 Thread 0x00007f369802bd80 Implicit null exception at 0x00007f368837f0e6 to 0x00007f368837f186
Event: 2.254 Thread 0x00007f369802bd80 Exception <a 'java/lang/NoSuchMethodError'{0x00000006a325f878}: 'void java.lang.invoke.Invokers$Holder.invokeExact_MT(java.lang.Object, java.lang.Object, int, java.lang.Object)'> (0x00000006a325f878) 
thrown [src/hotspot/share/interpreter/linkResolver.cpp, line 773]
Event: 2.423 Thread 0x00007f369802bd80 Exception <a 'java/lang/NoSuchMethodError'{0x00000006a27e2b70}: 'int java.lang.invoke.DirectMethodHandle$Holder.invokeInterface(java.lang.Object, java.lang.Object)'> (0x00000006a27e2b70) 
thrown [src/hotspot/share/interpreter/linkResolver.cpp, line 773]
Event: 2.459 Thread 0x00007f369802bd80 Exception <a 'java/lang/NoSuchMethodError'{0x00000006a1e16ec0}: 'int java.lang.invoke.DirectMethodHandle$Holder.invokeVirtual(java.lang.Object, java.lang.Object, java.lang.Object)'> (0x00000006a1e16ec0) 
thrown [src/hotspot/share/interpreter/linkResolver.cpp, line 773]
Event: 2.460 Thread 0x00007f369802bd80 Exception <a 'java/lang/NoSuchMethodError'{0x00000006a1e1cac8}: 'void java.lang.invoke.DirectMethodHandle$Holder.invokeInterface(java.lang.Object, java.lang.Object, java.lang.Object)'> (0x00000006a1e1cac8) 
thrown [src/hotspot/share/interpreter/linkResolver.cpp, line 773]

ZGC Phase Switch (0 events):
No events

VM Operations (20 events):
Event: 1.560 Executing VM operation: HandshakeAllThreads (Deoptimize)
Event: 1.560 Executing VM operation: HandshakeAllThreads (Deoptimize) done
Event: 1.560 Executing VM operation: HandshakeAllThreads (Deoptimize)
Event: 1.560 Executing VM operation: HandshakeAllThreads (Deoptimize) done
Event: 1.692 Executing VM operation: ICBufferFull
Event: 1.693 Executing VM operation: ICBufferFull done
Event: 1.968 Executing VM operation: ICBufferFull
Event: 1.968 Executing VM operation: ICBufferFull done
Event: 2.175 Executing VM operation: ICBufferFull
Event: 2.175 Executing VM operation: ICBufferFull done
Event: 2.253 Executing VM operation: HandshakeAllThreads (Deoptimize)
Event: 2.253 Executing VM operation: HandshakeAllThreads (Deoptimize) done
Event: 2.274 Executing VM operation: ICBufferFull
Event: 2.274 Executing VM operation: ICBufferFull done
Event: 2.393 Executing VM operation: HandshakeAllThreads (Deoptimize)
Event: 2.393 Executing VM operation: HandshakeAllThreads (Deoptimize) done
Event: 2.421 Executing VM operation: HandshakeAllThreads (Deoptimize)
Event: 2.422 Executing VM operation: HandshakeAllThreads (Deoptimize) done
Event: 2.509 Executing VM operation: CollectForMetadataAllocation (Metadata GC Threshold)
Event: 2.538 Executing VM operation: CollectForMetadataAllocation (Metadata GC Threshold) done

Memory protections (14 events):
Event: 0.001 Protecting memory [0x00007f369e700000,0x00007f369e704000] with protection modes 0
Event: 0.021 Protecting memory [0x00007f3663b00000,0x00007f3663b04000] with protection modes 0
Event: 0.021 Protecting memory [0x00007f36639ff000,0x00007f3663a03000] with protection modes 0
Event: 0.022 Protecting memory [0x00007f36638fe000,0x00007f3663902000] with protection modes 0
Event: 0.022 Protecting memory [0x00007f36637fd000,0x00007f3663801000] with protection modes 0
Event: 0.022 Protecting memory [0x00007f36636fc000,0x00007f3663700000] with protection modes 0
Event: 0.022 Protecting memory [0x00007f36635fb000,0x00007f36635ff000] with protection modes 0
Event: 0.022 Protecting memory [0x00007f36634fa000,0x00007f36634fe000] with protection modes 0
Event: 0.032 Protecting memory [0x00007f36633f9000,0x00007f36633fd000] with protection modes 0
Event: 0.033 Protecting memory [0x00007f36632f8000,0x00007f36632fc000] with protection modes 0
Event: 0.097 Protecting memory [0x00007f36631f7000,0x00007f36631fb000] with protection modes 0
Event: 0.117 Protecting memory [0x00007f36630f6000,0x00007f36630fa000] with protection modes 0
Event: 0.433 Protecting memory [0x00007f36630f6000,0x00007f36630fa000] with protection modes 0
Event: 1.231 Protecting memory [0x00007f36214fa000,0x00007f36214fe000] with protection modes 0

Nmethod flushes (0 events):
No events

Events (15 events):
Event: 0.013 Thread 0x00007f369802bd80 Thread added: 0x00007f369802bd80
Event: 0.021 Thread 0x00007f369802bd80 Thread added: 0x00007f3698118e80
Event: 0.021 Thread 0x00007f369802bd80 Thread added: 0x00007f369811a4d0
Event: 0.022 Thread 0x00007f369802bd80 Thread added: 0x00007f369811bfb0
Event: 0.022 Thread 0x00007f369802bd80 Thread added: 0x00007f369811d5f0
Event: 0.022 Thread 0x00007f369802bd80 Thread added: 0x00007f369811eb90
Event: 0.022 Thread 0x00007f369802bd80 Thread added: 0x00007f36981206b0
Event: 0.022 Thread 0x00007f369802bd80 Thread added: 0x00007f3698121dc0
Event: 0.032 Thread 0x00007f369802bd80 Thread added: 0x00007f3698165370
Event: 0.033 Thread 0x00007f369802bd80 Thread added: 0x00007f3698169820
Event: 0.097 Thread 0x00007f36981206b0 Thread added: 0x00007f35f8097d70
Event: 0.117 Thread 0x00007f369802bd80 Thread added: 0x00007f36983a1eb0
Event: 0.123 Thread 0x00007f36983a1eb0 Thread exited: 0x00007f36983a1eb0
Event: 0.433 Thread 0x00007f3698121dc0 Thread added: 0x00007f35fc35b890
Event: 1.231 Thread 0x00007f369802bd80 Thread added: 0x00007f3698a12a10


Dynamic libraries:
694c00000-6ab800000 rw-p 00000000 00:00 0 
6ab800000-7ffc00000 ---p 00000000 00:00 0 
7ffc00000-7ffd09000 rw-p 00cb4000 103:03 24278343                        /home/ld986/.jdks/temurin-22.0.2/lib/server/classes.jsa
7ffd09000-800000000 rw-p 00000000 00:00 0 
56408872d000-56408872e000 r-xp 00000000 103:03 24277894                  /home/ld986/.jdks/temurin-22.0.2/bin/java
56408872f000-564088730000 r--p 00001000 103:03 24277894                  /home/ld986/.jdks/temurin-22.0.2/bin/java
564088730000-564088731000 rw-p 00002000 103:03 24277894                  /home/ld986/.jdks/temurin-22.0.2/bin/java
56408f2f7000-56408f33e000 rw-p 00000000 00:00 0                          [heap]
7f35b8000000-7f35b8021000 rw-p 00000000 00:00 0 
7f35b8021000-7f35bc000000 ---p 00000000 00:00 0 
7f35bc000000-7f35bc021000 rw-p 00000000 00:00 0 
7f35bc021000-7f35c0000000 ---p 00000000 00:00 0 
7f35c0000000-7f35c0021000 rw-p 00000000 00:00 0 
7f35c0021000-7f35c4000000 ---p 00000000 00:00 0 
7f35c4000000-7f35c4021000 rw-p 00000000 00:00 0 
7f35c4021000-7f35c8000000 ---p 00000000 00:00 0 
7f35c8000000-7f35c8021000 rw-p 00000000 00:00 0 
7f35c8021000-7f35cc000000 ---p 00000000 00:00 0 
7f35cc000000-7f35cc021000 rw-p 00000000 00:00 0 
7f35cc021000-7f35d0000000 ---p 00000000 00:00 0 
7f35d0000000-7f35d0021000 rw-p 00000000 00:00 0 
7f35d0021000-7f35d4000000 ---p 00000000 00:00 0 
7f35d4000000-7f35d4021000 rw-p 00000000 00:00 0 
7f35d4021000-7f35d8000000 ---p 00000000 00:00 0 
7f35d8000000-7f35d8021000 rw-p 00000000 00:00 0 
7f35d8021000-7f35dc000000 ---p 00000000 00:00 0 
7f35dc000000-7f35dc021000 rw-p 00000000 00:00 0 
7f35dc021000-7f35e0000000 ---p 00000000 00:00 0 
7f35e0000000-7f35e0021000 rw-p 00000000 00:00 0 
7f35e0021000-7f35e4000000 ---p 00000000 00:00 0 
7f35e4000000-7f35e4021000 rw-p 00000000 00:00 0 
7f35e4021000-7f35e8000000 ---p 00000000 00:00 0 
7f35e8000000-7f35e9313000 rw-p 00000000 00:00 0 
7f35e9313000-7f35ec000000 ---p 00000000 00:00 0 
7f35ec000000-7f35ece69000 rw-p 00000000 00:00 0 
7f35ece69000-7f35f0000000 ---p 00000000 00:00 0 
7f35f0000000-7f35f0021000 rw-p 00000000 00:00 0 
7f35f0021000-7f35f4000000 ---p 00000000 00:00 0 
7f35f4000000-7f35f4021000 rw-p 00000000 00:00 0 
7f35f4021000-7f35f8000000 ---p 00000000 00:00 0 
7f35f8000000-7f35f8ebc000 rw-p 00000000 00:00 0 
7f35f8ebc000-7f35fc000000 ---p 00000000 00:00 0 
7f35fc000000-7f35fcbbf000 rw-p 00000000 00:00 0 
7f35fcbbf000-7f3600000000 ---p 00000000 00:00 0 
7f3600000000-7f3600021000 rw-p 00000000 00:00 0 
7f3600021000-7f3604000000 ---p 00000000 00:00 0 
7f3604000000-7f3604021000 rw-p 00000000 00:00 0 
7f3604021000-7f3608000000 ---p 00000000 00:00 0 
7f3608000000-7f3608021000 rw-p 00000000 00:00 0 
7f3608021000-7f360c000000 ---p 00000000 00:00 0 
7f360c000000-7f360c021000 rw-p 00000000 00:00 0 
7f360c021000-7f3610000000 ---p 00000000 00:00 0 
7f3610000000-7f3610021000 rw-p 00000000 00:00 0 
7f3610021000-7f3614000000 ---p 00000000 00:00 0 
7f3614000000-7f3614021000 rw-p 00000000 00:00 0 
7f3614021000-7f3618000000 ---p 00000000 00:00 0 
7f3618000000-7f3618400000 rw-p 00000000 00:00 0 
7f3618400000-7f3618f80000 rw-p 00000000 00:00 0 
7f3618f80000-7f3618fc0000 rw-p 00000000 00:00 0 
7f3618fc0000-7f3619000000 ---p 00000000 00:00 0 
7f3619000000-7f3619350000 rw-p 00000000 00:00 0 
7f3619350000-7f361c000000 ---p 00000000 00:00 0 
7f361c000000-7f361c021000 rw-p 00000000 00:00 0 
7f361c021000-7f3620000000 ---p 00000000 00:00 0 
7f3620e0a000-7f36210f5000 rw-p 00000000 00:00 0 
7f36210f5000-7f36214fa000 rw-p 00000000 00:00 0 
7f36214fa000-7f36214fe000 ---p 00000000 00:00 0 
7f36214fe000-7f3621c00000 rw-p 00000000 00:00 0 
7f3621c00000-7f3621c03000 r-xp 00000000 00:25 400                        /tmp/jansi-2.4.2-b8d260f7f98cfc24-libjansi.so
7f3621c03000-7f3621e02000 ---p 00003000 00:25 400                        /tmp/jansi-2.4.2-b8d260f7f98cfc24-libjansi.so
7f3621e02000-7f3621e03000 r--p 00002000 00:25 400                        /tmp/jansi-2.4.2-b8d260f7f98cfc24-libjansi.so
7f3621e03000-7f3621e04000 rw-p 00003000 00:25 400                        /tmp/jansi-2.4.2-b8d260f7f98cfc24-libjansi.so
7f3621eff000-7f3622000000 rw-p 00000000 00:00 0 
7f3622000000-7f3622c75000 rw-p 00001000 103:03 24278343                  /home/ld986/.jdks/temurin-22.0.2/lib/server/classes.jsa
7f3622c75000-7f3623000000 ---p 00000000 00:00 0 
7f3623000000-7f3623040000 rw-p 00000000 00:00 0 
7f3623040000-7f3623080000 rw-p 00000000 00:00 0 
7f3623080000-7f36231c0000 rw-p 00000000 00:00 0 
7f36231c0000-7f36231e0000 rw-p 00000000 00:00 0 
7f36231e0000-7f3623200000 ---p 00000000 00:00 0 
7f3623200000-7f36232d0000 rw-p 00000000 00:00 0 
7f36232d0000-7f3663000000 ---p 00000000 00:00 0 
7f36630f5000-7f36630f6000 rw-p 00000000 00:00 0 
7f36630f6000-7f36630fa000 ---p 00000000 00:00 0 
7f36630fa000-7f36631f7000 rw-p 00000000 00:00 0 
7f36631f7000-7f36631fb000 ---p 00000000 00:00 0 
7f36631fb000-7f36632f8000 rw-p 00000000 00:00 0 
7f36632f8000-7f36632fc000 ---p 00000000 00:00 0 
7f36632fc000-7f36633f9000 rw-p 00000000 00:00 0 
7f36633f9000-7f36633fd000 ---p 00000000 00:00 0 
7f36633fd000-7f36634fa000 rw-p 00000000 00:00 0 
7f36634fa000-7f36634fe000 ---p 00000000 00:00 0 
7f36634fe000-7f36635fb000 rw-p 00000000 00:00 0 
7f36635fb000-7f36635ff000 ---p 00000000 00:00 0 
7f36635ff000-7f36636fc000 rw-p 00000000 00:00 0 
7f36636fc000-7f3663700000 ---p 00000000 00:00 0 
7f3663700000-7f36637fd000 rw-p 00000000 00:00 0 
7f36637fd000-7f3663801000 ---p 00000000 00:00 0 
7f3663801000-7f36638fe000 rw-p 00000000 00:00 0 
7f36638fe000-7f3663902000 ---p 00000000 00:00 0 
7f3663902000-7f36639ff000 rw-p 00000000 00:00 0 
7f36639ff000-7f3663a03000 ---p 00000000 00:00 0 
7f3663a03000-7f3663b00000 rw-p 00000000 00:00 0 
7f3663b00000-7f3663b04000 ---p 00000000 00:00 0 
7f3663b04000-7f3663c00000 rw-p 00000000 00:00 0 
7f3663c00000-7f3663eed000 r--p 00000000 103:03 13954598                  /usr/lib/locale/locale-archive
7f3663eff000-7f3664000000 rw-p 00000000 00:00 0 
7f3664000000-7f3664021000 rw-p 00000000 00:00 0 
7f3664021000-7f3668000000 ---p 00000000 00:00 0 
7f3668000000-7f3668021000 rw-p 00000000 00:00 0 
7f3668021000-7f366c000000 ---p 00000000 00:00 0 
7f366c000000-7f366c021000 rw-p 00000000 00:00 0 
7f366c021000-7f3670000000 ---p 00000000 00:00 0 
7f3670000000-7f36701ab000 rw-p 00000000 00:00 0 
7f36701ab000-7f3674000000 ---p 00000000 00:00 0 
7f3674000000-7f3674021000 rw-p 00000000 00:00 0 
7f3674021000-7f3678000000 ---p 00000000 00:00 0 
7f3678025000-7f36780f3000 r-xp 00000000 103:03 24278310                  /home/ld986/.jdks/temurin-22.0.2/lib/libjsvml.so
7f36780f3000-7f36780f4000 r--p 000cd000 103:03 24278310                  /home/ld986/.jdks/temurin-22.0.2/lib/libjsvml.so
7f36780f4000-7f36780f5000 rw-p 000ce000 103:03 24278310                  /home/ld986/.jdks/temurin-22.0.2/lib/libjsvml.so
7f36780f5000-7f36783f8000 rw-p 00000000 00:00 0 
7f36783f8000-7f367ac00000 rw-p 00000000 00:00 0 
7f367ac2f000-7f367b2e0000 rw-p 00000000 00:00 0 
7f367b2e0000-7f36807f0000 ---p 00000000 00:00 0 
7f36807f0000-7f3680800000 rw-p 00000000 00:00 0 
7f3680800000-7f3681230000 rwxp 00000000 00:00 0 
7f3681230000-7f3687d37000 ---p 00000000 00:00 0 
7f3687d37000-7f3687fa7000 rwxp 00000000 00:00 0 
7f3687fa7000-7f36882c9000 ---p 00000000 00:00 0 
7f36882c9000-7f3688539000 rwxp 00000000 00:00 0 
7f3688539000-7f368f800000 ---p 00000000 00:00 0 
7f368f800000-7f3697e12000 r--s 00000000 103:03 24278336                  /home/ld986/.jdks/temurin-22.0.2/lib/modules
7f3697e4c000-7f3697e4d000 r--p 00000000 103:03 13897128                  /usr/lib/libutil.so.1
7f3697e4d000-7f3697e4e000 r-xp 00001000 103:03 13897128                  /usr/lib/libutil.so.1
7f3697e4e000-7f3697e4f000 r--p 00002000 103:03 13897128                  /usr/lib/libutil.so.1
7f3697e4f000-7f3697e50000 r--p 00002000 103:03 13897128                  /usr/lib/libutil.so.1
7f3697e50000-7f3697e51000 rw-p 00003000 103:03 13897128                  /usr/lib/libutil.so.1
7f3697e67000-7f3697e6e000 r--s 00000000 103:03 13954599                  /usr/lib/gconv/gconv-modules.cache
7f3697e6e000-7f3697e7b000 r-xp 00000000 103:03 24278333                  /home/ld986/.jdks/temurin-22.0.2/lib/libverify.so
7f3697e7b000-7f3697e7d000 r--p 0000c000 103:03 24278333                  /home/ld986/.jdks/temurin-22.0.2/lib/libverify.so
7f3697e7d000-7f3697e7e000 rw-p 0000e000 103:03 24278333                  /home/ld986/.jdks/temurin-22.0.2/lib/libverify.so
7f3697e7e000-7f3698eef000 rw-p 00000000 00:00 0 
7f3698eef000-7f369c000000 ---p 00000000 00:00 0 
7f369c000000-7f369c01b000 r-xp 00000000 103:03 24278335                  /home/ld986/.jdks/temurin-22.0.2/lib/libzip.so
7f369c01b000-7f369c01c000 r--p 0001a000 103:03 24278335                  /home/ld986/.jdks/temurin-22.0.2/lib/libzip.so
7f369c01c000-7f369c01d000 rw-p 0001b000 103:03 24278335                  /home/ld986/.jdks/temurin-22.0.2/lib/libzip.so
7f369c01d000-7f369c028000 r-xp 00000000 103:03 24278320                  /home/ld986/.jdks/temurin-22.0.2/lib/libnet.so
7f369c028000-7f369c029000 ---p 0000b000 103:03 24278320                  /home/ld986/.jdks/temurin-22.0.2/lib/libnet.so
7f369c029000-7f369c02a000 r--p 0000b000 103:03 24278320                  /home/ld986/.jdks/temurin-22.0.2/lib/libnet.so
7f369c02a000-7f369c02b000 rw-p 0000c000 103:03 24278320                  /home/ld986/.jdks/temurin-22.0.2/lib/libnet.so
7f369c02b000-7f369c03f000 r-xp 00000000 103:03 24278322                  /home/ld986/.jdks/temurin-22.0.2/lib/libnio.so
7f369c03f000-7f369c040000 r--p 00013000 103:03 24278322                  /home/ld986/.jdks/temurin-22.0.2/lib/libnio.so
7f369c040000-7f369c041000 rw-p 00014000 103:03 24278322                  /home/ld986/.jdks/temurin-22.0.2/lib/libnio.so
7f369c041000-7f369c0dd000 rw-p 00000000 00:00 0 
7f369c0dd000-7f369c3e0000 rw-p 00000000 00:00 0 
7f369c3e0000-7f369c522000 rw-p 00000000 00:00 0 
7f369c522000-7f369cfc4000 ---p 00000000 00:00 0 
7f369cfc4000-7f369d07c000 rw-p 00000000 00:00 0 
7f369d07c000-7f369db1e000 ---p 00000000 00:00 0 
7f369db1e000-7f369e52f000 rw-p 00000000 00:00 0 
7f369e52f000-7f369e615000 ---p 00000000 00:00 0 
7f369e615000-7f369e62a000 rw-p 00000000 00:00 0 
7f369e62a000-7f369e700000 ---p 00000000 00:00 0 
7f369e700000-7f369e704000 ---p 00000000 00:00 0 
7f369e704000-7f369e800000 rw-p 00000000 00:00 0 
7f369e800000-7f369fc37000 r-xp 00000000 103:03 24278346                  /home/ld986/.jdks/temurin-22.0.2/lib/server/libjvm.so
7f369fc37000-7f369fc38000 ---p 01437000 103:03 24278346                  /home/ld986/.jdks/temurin-22.0.2/lib/server/libjvm.so
7f369fc38000-7f369fd08000 r--p 01437000 103:03 24278346                  /home/ld986/.jdks/temurin-22.0.2/lib/server/libjvm.so
7f369fd08000-7f369fd37000 rw-p 01507000 103:03 24278346                  /home/ld986/.jdks/temurin-22.0.2/lib/server/libjvm.so
7f369fd37000-7f369fddc000 rw-p 00000000 00:00 0 
7f369fddc000-7f369fde1000 rw-p 00000000 00:00 0 
7f369fde1000-7f369fde8000 ---p 00000000 00:00 0 
7f369fde8000-7f369fe08000 r-xp 00000000 103:03 24278299                  /home/ld986/.jdks/temurin-22.0.2/lib/libjava.so
7f369fe08000-7f369fe09000 ---p 00020000 103:03 24278299                  /home/ld986/.jdks/temurin-22.0.2/lib/libjava.so
7f369fe09000-7f369fe0a000 r--p 00020000 103:03 24278299                  /home/ld986/.jdks/temurin-22.0.2/lib/libjava.so
7f369fe0a000-7f369fe0b000 rw-p 00021000 103:03 24278299                  /home/ld986/.jdks/temurin-22.0.2/lib/libjava.so
7f369fe0b000-7f369fe0c000 rw-p 00000000 00:00 0 
7f369fe0c000-7f369fe1c000 r--p 00000000 103:03 13897091                  /usr/lib/libm.so.6
7f369fe1c000-7f369feb3000 r-xp 00010000 103:03 13897091                  /usr/lib/libm.so.6
7f369feb3000-7f369ff28000 r--p 000a7000 103:03 13897091                  /usr/lib/libm.so.6
7f369ff28000-7f369ff29000 r--p 0011b000 103:03 13897091                  /usr/lib/libm.so.6
7f369ff29000-7f369ff2a000 rw-p 0011c000 103:03 13897091                  /usr/lib/libm.so.6
7f369ff2a000-7f369ff2b000 r--p 00000000 103:03 13897124                  /usr/lib/librt.so.1
7f369ff2b000-7f369ff2c000 r-xp 00001000 103:03 13897124                  /usr/lib/librt.so.1
7f369ff2c000-7f369ff2d000 r--p 00002000 103:03 13897124                  /usr/lib/librt.so.1
7f369ff2d000-7f369ff2e000 r--p 00002000 103:03 13897124                  /usr/lib/librt.so.1
7f369ff2e000-7f369ff2f000 rw-p 00003000 103:03 13897124                  /usr/lib/librt.so.1
7f369ff2f000-7f369ff31000 rw-p 00000000 00:00 0 
7f369ff31000-7f369ff55000 r--p 00000000 103:03 13897078                  /usr/lib/libc.so.6
7f369ff55000-7f36a00c6000 r-xp 00024000 103:03 13897078                  /usr/lib/libc.so.6
7f36a00c6000-7f36a0114000 r--p 00195000 103:03 13897078                  /usr/lib/libc.so.6
7f36a0114000-7f36a0118000 r--p 001e2000 103:03 13897078                  /usr/lib/libc.so.6
7f36a0118000-7f36a011a000 rw-p 001e6000 103:03 13897078                  /usr/lib/libc.so.6
7f36a011a000-7f36a0122000 rw-p 00000000 00:00 0 
7f36a0122000-7f36a0123000 r--p 00000000 103:03 13897085                  /usr/lib/libdl.so.2
7f36a0123000-7f36a0124000 r-xp 00001000 103:03 13897085                  /usr/lib/libdl.so.2
7f36a0124000-7f36a0125000 r--p 00002000 103:03 13897085                  /usr/lib/libdl.so.2
7f36a0125000-7f36a0126000 r--p 00002000 103:03 13897085                  /usr/lib/libdl.so.2
7f36a0126000-7f36a0127000 rw-p 00003000 103:03 13897085                  /usr/lib/libdl.so.2
7f36a0127000-7f36a0128000 r--p 00000000 103:03 13897119                  /usr/lib/libpthread.so.0
7f36a0128000-7f36a0129000 r-xp 00001000 103:03 13897119                  /usr/lib/libpthread.so.0
7f36a0129000-7f36a012a000 r--p 00002000 103:03 13897119                  /usr/lib/libpthread.so.0
7f36a012a000-7f36a012b000 r--p 00002000 103:03 13897119                  /usr/lib/libpthread.so.0
7f36a012b000-7f36a012c000 rw-p 00003000 103:03 13897119                  /usr/lib/libpthread.so.0
7f36a012f000-7f36a0137000 rw-s 00000000 00:25 398                        /tmp/hsperfdata_ld986/30162
7f36a0137000-7f36a0138000 ---p 00000000 00:00 0 
7f36a0138000-7f36a0139000 r--p 00000000 00:00 0 
7f36a0139000-7f36a013a000 ---p 00000000 00:00 0 
7f36a013a000-7f36a0155000 r-xp 00000000 103:03 24278305                  /home/ld986/.jdks/temurin-22.0.2/lib/libjimage.so
7f36a0155000-7f36a0156000 ---p 0001b000 103:03 24278305                  /home/ld986/.jdks/temurin-22.0.2/lib/libjimage.so
7f36a0156000-7f36a0158000 r--p 0001b000 103:03 24278305                  /home/ld986/.jdks/temurin-22.0.2/lib/libjimage.so
7f36a0158000-7f36a0159000 rw-p 0001d000 103:03 24278305                  /home/ld986/.jdks/temurin-22.0.2/lib/libjimage.so
7f36a0159000-7f36a0172000 r-xp 00000000 103:03 24278306                  /home/ld986/.jdks/temurin-22.0.2/lib/libjli.so
7f36a0172000-7f36a0173000 r--p 00018000 103:03 24278306                  /home/ld986/.jdks/temurin-22.0.2/lib/libjli.so
7f36a0173000-7f36a0174000 rw-p 00019000 103:03 24278306                  /home/ld986/.jdks/temurin-22.0.2/lib/libjli.so
7f36a0174000-7f36a0176000 rw-p 00000000 00:00 0 
7f36a0176000-7f36a017a000 r--p 00000000 00:00 0                          [vvar]
7f36a017a000-7f36a017c000 r--p 00000000 00:00 0                          [vvar_vclock]
7f36a017c000-7f36a017e000 r-xp 00000000 00:00 0                          [vdso]
7f36a017e000-7f36a017f000 r--p 00000000 103:03 13897062                  /usr/lib/ld-linux-x86-64.so.2
7f36a017f000-7f36a01a9000 r-xp 00001000 103:03 13897062                  /usr/lib/ld-linux-x86-64.so.2
7f36a01a9000-7f36a01b4000 r--p 0002b000 103:03 13897062                  /usr/lib/ld-linux-x86-64.so.2
7f36a01b4000-7f36a01b6000 r--p 00036000 103:03 13897062                  /usr/lib/ld-linux-x86-64.so.2
7f36a01b6000-7f36a01b7000 rw-p 00038000 103:03 13897062                  /usr/lib/ld-linux-x86-64.so.2
7f36a01b7000-7f36a01b8000 rw-p 00000000 00:00 0 
7ffedf6ee000-7ffedf70f000 rw-p 00000000 00:00 0                          [stack]
ffffffffff600000-ffffffffff601000 --xp 00000000 00:00 0                  [vsyscall]
Total number of mappings: 227


VM Arguments:
jvm_args: --enable-native-access=ALL-UNNAMED -Dfile.encoding=UTF-8 -Dclassworlds.conf=/usr/share/idea/plugins/maven/lib/maven3/bin/m2.conf -Dmaven.home=/usr/share/idea/plugins/maven/lib/maven3 -Dlibrary.jansi.path=/usr/share/idea/plugins/maven/lib/maven3/lib/jansi-native -Dmaven.multiModuleProjectDirectory=/home/ld986/Spring 2026/CS549/Assignment4-Code/page-rank 
java_command: org.codehaus.plexus.classworlds.launcher.Launcher -Didea.version=2026.1 -Dmaven.ext.class.path=/usr/share/idea/plugins/maven/lib/intellij.maven.rt/maven-event-listener.jar -Djansi.passthrough=true -Dstyle.color=always -Dmaven.repo.local=/home/ld986/.m2/repository install -f pom.xml
java_class_path (initial): /usr/share/idea/plugins/maven/lib/maven3/boot/plexus-classworlds-2.9.0.jar
Launcher Type: SUN_STANDARD

[Global flags]
     intx CICompilerCount                          = 4                                         {product} {ergonomic}
     uint ConcGCThreads                            = 3                                         {product} {ergonomic}
     uint G1ConcRefinementThreads                  = 10                                        {product} {ergonomic}
   size_t G1HeapRegionSize                         = 4194304                                   {product} {ergonomic}
   size_t InitialHeapSize                          = 381681664                                 {product} {ergonomic}
   size_t MarkStackSize                            = 4194304                                   {product} {ergonomic}
   size_t MaxHeapSize                              = 6094323712                                {product} {ergonomic}
   size_t MaxNewSize                               = 3653238784                                {product} {ergonomic}
   size_t MinHeapDeltaBytes                        = 4194304                                   {product} {ergonomic}
   size_t MinHeapSize                              = 8388608                                   {product} {ergonomic}
    uintx NonNMethodCodeHeapSize                   = 5839372                                {pd product} {ergonomic}
    uintx NonProfiledCodeHeapSize                  = 122909434                              {pd product} {ergonomic}
    uintx ProfiledCodeHeapSize                     = 122909434                              {pd product} {ergonomic}
    uintx ReservedCodeCacheSize                    = 251658240                              {pd product} {ergonomic}
     bool SegmentedCodeCache                       = true                                      {product} {ergonomic}
   size_t SoftMaxHeapSize                          = 6094323712                             {manageable} {ergonomic}
     bool UseCompressedOops                        = true                           {product lp64_product} {ergonomic}
     bool UseG1GC                                  = true                                      {product} {ergonomic}

Logging:
Log output configuration:
 #0: stdout all=warning uptime,level,tags foldmultilines=false
 #1: stderr all=off uptime,level,tags foldmultilines=false

Environment Variables:
JAVA_HOME=/home/ld986/.jdks/temurin-22.0.2
PATH=/home/ld986/.nvm/versions/node/v22.22.1/bin:/home/ld986/src/aur/CDP8/NewRelease:/usr/local/sbin:/usr/local/bin:/usr/bin:/usr/lib/jvm/default/bin:/usr/bin/site_perl:/usr/bin/vendor_perl:/usr/bin/core_perl
SHELL=/usr/bin/bash
DISPLAY=:0
LANG=en_US.UTF-8
TERM=linux

Active Locale:
LC_ALL=en_US.UTF-8
LC_COLLATE=en_US.UTF-8
LC_CTYPE=en_US.UTF-8
LC_MESSAGES=en_US.UTF-8
LC_MONETARY=en_US.UTF-8
LC_NUMERIC=en_US.UTF-8
LC_TIME=en_US.UTF-8

Signal Handlers:
   SIGSEGV: crash_handler in libjvm.so, mask=11100100010111111101111111111110, flags=SA_RESTART|SA_SIGINFO, unblocked
    SIGBUS: crash_handler in libjvm.so, mask=11100100010111111101111111111110, flags=SA_RESTART|SA_SIGINFO, unblocked
    SIGFPE: crash_handler in libjvm.so, mask=11100100010111111101111111111110, flags=SA_RESTART|SA_SIGINFO, unblocked
   SIGPIPE: javaSignalHandler in libjvm.so, mask=11100100010111111101111111111110, flags=SA_RESTART|SA_SIGINFO, blocked
   SIGXFSZ: javaSignalHandler in libjvm.so, mask=11100100010111111101111111111110, flags=SA_RESTART|SA_SIGINFO, blocked
    SIGILL: crash_handler in libjvm.so, mask=11100100010111111101111111111110, flags=SA_RESTART|SA_SIGINFO, unblocked
   SIGUSR2: SR_handler in libjvm.so, mask=00000000000000000000000000000000, flags=SA_RESTART|SA_SIGINFO, blocked
    SIGHUP: UserHandler in libjvm.so, mask=11100100010111111101111111111110, flags=SA_RESTART|SA_SIGINFO, blocked
    SIGINT: UserHandler in libjvm.so, mask=11100100010111111101111111111110, flags=SA_RESTART|SA_SIGINFO, blocked
   SIGTERM: UserHandler in libjvm.so, mask=11100100010111111101111111111110, flags=SA_RESTART|SA_SIGINFO, blocked
   SIGQUIT: UserHandler in libjvm.so, mask=11100100010111111101111111111110, flags=SA_RESTART|SA_SIGINFO, blocked
   SIGTRAP: crash_handler in libjvm.so, mask=11100100010111111101111111111110, flags=SA_RESTART|SA_SIGINFO, unblocked


Periodic native trim disabled

---------------  S Y S T E M  ---------------

OS:
DISTRIB_ID="Arch"
DISTRIB_RELEASE="rolling"
DISTRIB_DESCRIPTION="Arch Linux"
uname: Linux 6.19.11-arch1-1 #1 SMP PREEMPT_DYNAMIC Thu, 02 Apr 2026 23:33:01 +0000 x86_64
OS uptime: 0 days 5:30 hours
libc: glibc 2.43 NPTL 2.43 
rlimit (soft/hard): STACK 8192k/infinity , CORE infinity/infinity , NPROC 92761/92761 , NOFILE 524288/524288 , AS infinity/infinity , CPU infinity/infinity , DATA infinity/infinity , FSIZE infinity/infinity , MEMLOCK 8192k/8192k
load average: 3.31 1.92 1.39

/proc/meminfo:
MemTotal:       23799996 kB
MemFree:         1724820 kB
MemAvailable:   11770084 kB
Buffers:         1296644 kB
Cached:          6848092 kB
SwapCached:            0 kB
Active:          9633352 kB
Inactive:        7603940 kB
Active(anon):    7549960 kB
Inactive(anon):        0 kB
Active(file):    2083392 kB
Inactive(file):  7603940 kB
Unevictable:         304 kB
Mlocked:             304 kB
SwapTotal:       4194300 kB
SwapFree:        4194300 kB
Zswap:                 0 kB
Zswapped:              0 kB
Dirty:              2368 kB
Writeback:             0 kB
AnonPages:       8884576 kB
Mapped:          3812312 kB
Shmem:            396680 kB
KReclaimable:     752144 kB
Slab:             962468 kB
SReclaimable:     752144 kB
SUnreclaim:       210324 kB
KernelStack:       31232 kB
PageTables:        86892 kB
SecPageTables:      3268 kB
NFS_Unstable:          0 kB
Bounce:                0 kB
WritebackTmp:          0 kB
CommitLimit:    16094296 kB
Committed_AS:   23962772 kB
VmallocTotal:   34359738367 kB
VmallocUsed:       91012 kB
VmallocChunk:          0 kB
Percpu:            13440 kB
HardwareCorrupted:     0 kB
AnonHugePages:   1425408 kB
ShmemHugePages:   182272 kB
ShmemPmdMapped:   145408 kB
FileHugePages:   1742848 kB
FilePmdMapped:    942080 kB
CmaTotal:              0 kB
CmaFree:               0 kB
Unaccepted:            0 kB
Balloon:               0 kB
HugePages_Total:       0
HugePages_Free:        0
HugePages_Rsvd:        0
HugePages_Surp:        0
Hugepagesize:       2048 kB
Hugetlb:               0 kB
DirectMap4k:     2005052 kB
DirectMap2M:    21301248 kB
DirectMap1G:     2097152 kB

/sys/kernel/mm/transparent_hugepage/enabled: [always] madvise never
/sys/kernel/mm/transparent_hugepage/hpage_pmd_size: 2097152
/sys/kernel/mm/transparent_hugepage/shmem_enabled: always [within_size] advise never deny force
/sys/kernel/mm/transparent_hugepage/defrag (defrag/compaction efforts parameter): always defer defer+madvise [madvise] never

Process Memory:
Virtual Size: 9737664K (peak: 9738376K)
Resident Set Size: 353156K (peak: 353156K) (anon: 307108K, file: 46004K, shmem: 44K)
Swapped out: 0K
C-Heap outstanding allocations: 91558K, retained: 15537K
glibc malloc tunables: (default)

/proc/sys/kernel/threads-max (system-wide limit on the number of threads): 185522
/proc/sys/vm/max_map_count (maximum number of memory map areas a process may have): 1048576
/proc/sys/vm/swappiness (control to define how aggressively the kernel swaps out anonymous memory): 60
/proc/sys/kernel/pid_max (system-wide limit on number of process identifiers): 4194304

container information not found.
Steal ticks since vm start: 0
Steal ticks percentage since vm start:  0.000

CPU: total 12 (initial active 12) (12 cores per cpu, 2 threads per core) family 23 model 96 stepping 1 microcode 0x860010d, cx8, cmov, fxsr, ht, mmx, 3dnowpref, sse, sse2, sse3, ssse3, sse4a, sse4.1, sse4.2, popcnt, lzcnt, tsc, tscinvbit, avx, avx2, aes, clmul, bmi1, bmi2, adx, sha, fma, vzeroupper, clflush, clflushopt, rdtscp, rdpid, f16c
CPU Model and flags from /proc/cpuinfo:
model name	: AMD Ryzen 5 PRO 4650U with Radeon Graphics
flags		: fpu vme de pse tsc msr pae mce cx8 apic sep mtrr pge mca cmov pat pse36 clflush mmx fxsr sse sse2 ht syscall nx mmxext fxsr_opt pdpe1gb rdtscp lm constant_tsc rep_good nopl xtopology nonstop_tsc cpuid extd_apicid aperfmperf rapl pni pclmulqdq monitor ssse3 fma cx16 sse4_1 sse4_2 movbe popcnt aes xsave avx f16c rdrand lahf_lm cmp_legacy svm extapic cr8_legacy abm sse4a misalignsse 3dnowprefetch osvw ibs skinit wdt tce topoext perfctr_core perfctr_nb bpext perfctr_llc mwaitx cpb cat_l3 cdp_l3 hw_pstate ssbd mba ibrs ibpb stibp vmmcall fsgsbase bmi1 avx2 smep bmi2 cqm rdt_a rdseed adx smap clflushopt clwb sha_ni xsaveopt xsavec xgetbv1 cqm_llc cqm_occup_llc cqm_mbm_total cqm_mbm_local clzero irperf xsaveerptr rdpru wbnoinvd cppc arat npt lbrv svm_lock nrip_save tsc_scale vmcb_clean flushbyasid decodeassists pausefilter pfthreshold avic v_vmsave_vmload vgif v_spec_ctrl umip rdpid overflow_recov succor smca

Online cpus: 0-11
Offline cpus: 
BIOS frequency limitation: 2100000
Frequency switch latency (ns): 0
Available cpu frequencies: 2100000 1700000 1400000 
Current governor: schedutil
Core performance/turbo boost: 1

Memory: 4k page, physical 23799996k(11770084k free), swap 4194300k(4194300k free)
Page Sizes: 4k

vm_info: OpenJDK 64-Bit Server VM (22.0.2+9) for linux-amd64 JRE (22.0.2+9), built on 2024-07-16T00:00:00Z by "admin" with gcc 11.3.0

END.
